ARM Linker, 5.03 [Build 76] [MDK-ARM Standard]

==============================================================================

Section Cross References

    system_stm32f1xx.o(i.SystemCoreClockUpdate) refers to system_stm32f1xx.o(.data) for .data
    system_stm32f1xx.o(i.SystemCoreClockUpdate) refers to system_stm32f1xx.o(.constdata) for .constdata
    usart.o(i.HAL_UART_MspDeInit) refers to stm32f1xx_hal_gpio.o(i.HAL_GPIO_DeInit) for HAL_GPIO_DeInit
    usart.o(i.HAL_UART_MspDeInit) refers to stm32f1xx_hal_dma.o(i.HAL_DMA_DeInit) for HAL_DMA_DeInit
    usart.o(i.HAL_UART_MspDeInit) refers to stm32f1xx_hal_cortex.o(i.HAL_NVIC_DisableIRQ) for HAL_NVIC_DisableIRQ
    usart.o(i.HAL_UART_MspInit) refers to stm32f1xx_hal_gpio.o(i.HAL_GPIO_Init) for HAL_GPIO_Init
    usart.o(i.HAL_UART_MspInit) refers to stm32f1xx_hal_dma.o(i.HAL_DMA_Init) for HAL_DMA_Init
    usart.o(i.HAL_UART_MspInit) refers to main.o(i.Error_Handler) for Error_Handler
    usart.o(i.HAL_UART_MspInit) refers to stm32f1xx_hal_cortex.o(i.HAL_NVIC_SetPriority) for HAL_NVIC_SetPriority
    usart.o(i.HAL_UART_MspInit) refers to stm32f1xx_hal_cortex.o(i.HAL_NVIC_EnableIRQ) for HAL_NVIC_EnableIRQ
    usart.o(i.HAL_UART_MspInit) refers to usart.o(.bss) for .bss
    usart.o(i.MX_USART3_UART_Init) refers to stm32f1xx_hal_uart.o(i.HAL_UART_Init) for HAL_UART_Init
    usart.o(i.MX_USART3_UART_Init) refers to main.o(i.Error_Handler) for Error_Handler
    usart.o(i.MX_USART3_UART_Init) refers to usart.o(.bss) for .bss
    usart.o(i.fgetc) refers to stm32f1xx_hal_uart.o(i.HAL_UART_Receive) for HAL_UART_Receive
    usart.o(i.fgetc) refers to usart.o(.bss) for .bss
    usart.o(i.fputc) refers to stm32f1xx_hal_uart.o(i.HAL_UART_Transmit) for HAL_UART_Transmit
    usart.o(i.fputc) refers to usart.o(.bss) for .bss
    stm32f1xx_it.o(i.ADC1_2_IRQHandler) refers to stm32f1xx_hal_adc.o(i.HAL_ADC_IRQHandler) for HAL_ADC_IRQHandler
    stm32f1xx_it.o(i.ADC1_2_IRQHandler) refers to adc.o(.bss) for hadc1
    stm32f1xx_it.o(i.DMA1_Channel1_IRQHandler) refers to stm32f1xx_hal_dma.o(i.HAL_DMA_IRQHandler) for HAL_DMA_IRQHandler
    stm32f1xx_it.o(i.DMA1_Channel1_IRQHandler) refers to adc.o(.bss) for hdma_adc1
    stm32f1xx_it.o(i.DMA1_Channel2_IRQHandler) refers to stm32f1xx_hal_dma.o(i.HAL_DMA_IRQHandler) for HAL_DMA_IRQHandler
    stm32f1xx_it.o(i.DMA1_Channel2_IRQHandler) refers to usart.o(.bss) for hdma_usart3_tx
    stm32f1xx_it.o(i.SysTick_Handler) refers to stm32f1xx_hal.o(i.HAL_IncTick) for HAL_IncTick
    stm32f1xx_it.o(i.SysTick_Handler) refers to stm32f1xx_hal_cortex.o(i.HAL_SYSTICK_IRQHandler) for HAL_SYSTICK_IRQHandler
    stm32f1xx_it.o(i.TIM3_IRQHandler) refers to stm32f1xx_hal_tim.o(i.HAL_TIM_IRQHandler) for HAL_TIM_IRQHandler
    stm32f1xx_it.o(i.TIM3_IRQHandler) refers to tim.o(.bss) for htim3
    stm32f1xx_it.o(i.TIM7_IRQHandler) refers to stm32f1xx_hal_tim.o(i.HAL_TIM_IRQHandler) for HAL_TIM_IRQHandler
    stm32f1xx_it.o(i.TIM7_IRQHandler) refers to tim.o(.bss) for htim7
    stm32f1xx_it.o(i.USART3_IRQHandler) refers to stm32f1xx_hal_uart.o(i.HAL_UART_IRQHandler) for HAL_UART_IRQHandler
    stm32f1xx_it.o(i.USART3_IRQHandler) refers to usart.o(.bss) for huart3
    gpio.o(i.MX_GPIO_Init) refers to stm32f1xx_hal_gpio.o(i.HAL_GPIO_WritePin) for HAL_GPIO_WritePin
    gpio.o(i.MX_GPIO_Init) refers to stm32f1xx_hal_gpio.o(i.HAL_GPIO_Init) for HAL_GPIO_Init
    dma.o(i.MX_DMA_Init) refers to stm32f1xx_hal_cortex.o(i.HAL_NVIC_SetPriority) for HAL_NVIC_SetPriority
    dma.o(i.MX_DMA_Init) refers to stm32f1xx_hal_cortex.o(i.HAL_NVIC_EnableIRQ) for HAL_NVIC_EnableIRQ
    stm32f1xx_hal_msp.o(i.HAL_MspInit) refers to stm32f1xx_hal_cortex.o(i.HAL_NVIC_SetPriorityGrouping) for HAL_NVIC_SetPriorityGrouping
    stm32f1xx_hal_msp.o(i.HAL_MspInit) refers to stm32f1xx_hal_cortex.o(i.HAL_NVIC_SetPriority) for HAL_NVIC_SetPriority
    tim.o(i.HAL_TIM_Base_MspDeInit) refers to stm32f1xx_hal_cortex.o(i.HAL_NVIC_DisableIRQ) for HAL_NVIC_DisableIRQ
    tim.o(i.HAL_TIM_Base_MspInit) refers to stm32f1xx_hal_cortex.o(i.HAL_NVIC_SetPriority) for HAL_NVIC_SetPriority
    tim.o(i.HAL_TIM_Base_MspInit) refers to stm32f1xx_hal_cortex.o(i.HAL_NVIC_EnableIRQ) for HAL_NVIC_EnableIRQ
    tim.o(i.HAL_TIM_IC_MspDeInit) refers to stm32f1xx_hal_gpio.o(i.HAL_GPIO_DeInit) for HAL_GPIO_DeInit
    tim.o(i.HAL_TIM_IC_MspDeInit) refers to stm32f1xx_hal_cortex.o(i.HAL_NVIC_DisableIRQ) for HAL_NVIC_DisableIRQ
    tim.o(i.HAL_TIM_IC_MspInit) refers to stm32f1xx_hal_gpio.o(i.HAL_GPIO_Init) for HAL_GPIO_Init
    tim.o(i.HAL_TIM_IC_MspInit) refers to stm32f1xx_hal_cortex.o(i.HAL_NVIC_SetPriority) for HAL_NVIC_SetPriority
    tim.o(i.HAL_TIM_IC_MspInit) refers to stm32f1xx_hal_cortex.o(i.HAL_NVIC_EnableIRQ) for HAL_NVIC_EnableIRQ
    tim.o(i.HAL_TIM_MspPostInit) refers to stm32f1xx_hal_gpio.o(i.HAL_GPIO_Init) for HAL_GPIO_Init
    tim.o(i.MX_TIM1_Init) refers to stm32f1xx_hal_tim.o(i.HAL_TIM_PWM_Init) for HAL_TIM_PWM_Init
    tim.o(i.MX_TIM1_Init) refers to main.o(i.Error_Handler) for Error_Handler
[...]
    Removing stm32f1xx_hal_uart.o(i.UART_DMARxHalfCplt), (10 bytes).
    Removing stm32f1xx_hal_uart.o(i.UART_WaitOnFlagUntilTimeout), (146 bytes).
    Removing stm32f1xx_hal.o(.rev16_text), (4 bytes).
    Removing stm32f1xx_hal.o(.revsh_text), (4 bytes).
    Removing stm32f1xx_hal.o(.rrx_text), (6 bytes).
    Removing stm32f1xx_hal.o(i.HAL_DBGMCU_DisableDBGSleepMode), (16 bytes).
    Removing stm32f1xx_hal.o(i.HAL_DBGMCU_DisableDBGStandbyMode), (16 bytes).
    Removing stm32f1xx_hal.o(i.HAL_DBGMCU_DisableDBGStopMode), (16 bytes).
    Removing stm32f1xx_hal.o(i.HAL_DBGMCU_EnableDBGSleepMode), (16 bytes).
    Removing stm32f1xx_hal.o(i.HAL_DBGMCU_EnableDBGStandbyMode), (16 bytes).
    Removing stm32f1xx_hal.o(i.HAL_DBGMCU_EnableDBGStopMode), (16 bytes).
    Removing stm32f1xx_hal.o(i.HAL_DeInit), (32 bytes).
    Removing stm32f1xx_hal.o(i.HAL_GetDEVID), (16 bytes).
    Removing stm32f1xx_hal.o(i.HAL_GetHalVersion), (8 bytes).
    Removing stm32f1xx_hal.o(i.HAL_GetREVID), (28 bytes).
    Removing stm32f1xx_hal.o(i.HAL_MspDeInit), (2 bytes).
    Removing stm32f1xx_hal.o(i.HAL_MspInit), (2 bytes).
    Removing stm32f1xx_hal.o(i.HAL_ResumeTick), (14 bytes).
    Removing stm32f1xx_hal.o(i.HAL_SuspendTick), (14 bytes).
    Removing stm32f1xx_hal_flash.o(.rev16_text), (4 bytes).
    Removing stm32f1xx_hal_flash.o(.revsh_text), (4 bytes).
    Removing stm32f1xx_hal_flash.o(.rrx_text), (6 bytes).
    Removing stm32f1xx_hal_flash.o(i.HAL_FLASH_EndOfOperationCallback), (2 bytes).
    Removing stm32f1xx_hal_flash.o(i.HAL_FLASH_GetError), (12 bytes).
    Removing stm32f1xx_hal_flash.o(i.HAL_FLASH_IRQHandler), (264 bytes).
    Removing stm32f1xx_hal_flash.o(i.HAL_FLASH_OB_Launch), (10 bytes).
    Removing stm32f1xx_hal_flash.o(i.HAL_FLASH_OB_Lock), (20 bytes).
    Removing stm32f1xx_hal_flash.o(i.HAL_FLASH_OB_Unlock), (36 bytes).
    Removing stm32f1xx_hal_flash.o(i.HAL_FLASH_OperationErrorCallback), (2 bytes).
    Removing stm32f1xx_hal_flash.o(i.HAL_FLASH_Program_IT), (100 bytes).
    Removing stm32f1xx_hal_rcc.o(.rev16_text), (4 bytes).
    Removing stm32f1xx_hal_rcc.o(.revsh_text), (4 bytes).
    Removing stm32f1xx_hal_rcc.o(.rrx_text), (6 bytes).
    Removing stm32f1xx_hal_rcc.o(i.HAL_RCC_CSSCallback), (2 bytes).
    Removing stm32f1xx_hal_rcc.o(i.HAL_RCC_DeInit), (84 bytes).
    Removing stm32f1xx_hal_rcc.o(i.HAL_RCC_DisableCSS), (28 bytes).
    Removing stm32f1xx_hal_rcc.o(i.HAL_RCC_EnableCSS), (24 bytes).
    Removing stm32f1xx_hal_rcc.o(i.HAL_RCC_GetClockConfig), (64 bytes).
    Removing stm32f1xx_hal_rcc.o(i.HAL_RCC_GetOscConfig), (156 bytes).
    Removing stm32f1xx_hal_rcc.o(i.HAL_RCC_MCOConfig), (72 bytes).
    Removing stm32f1xx_hal_rcc.o(i.HAL_RCC_NMI_IRQHandler), (24 bytes).
    Removing stm32f1xx_hal_rcc_ex.o(.rev16_text), (4 bytes).
    Removing stm32f1xx_hal_rcc_ex.o(.revsh_text), (4 bytes).
    Removing stm32f1xx_hal_rcc_ex.o(.rrx_text), (6 bytes).
    Removing stm32f1xx_hal_rcc_ex.o(i.HAL_RCCEx_GetPeriphCLKConfig), (52 bytes).
    Removing stm32f1xx_hal_rcc_ex.o(i.HAL_RCCEx_GetPeriphCLKFreq), (256 bytes).
    Removing stm32f1xx_hal_adc.o(.rev16_text), (4 bytes).
    Removing stm32f1xx_hal_adc.o(.revsh_text), (4 bytes).
    Removing stm32f1xx_hal_adc.o(.rrx_text), (6 bytes).
    Removing stm32f1xx_hal_adc.o(i.HAL_ADC_AnalogWDGConfig), (88 bytes).
    Removing stm32f1xx_hal_adc.o(i.HAL_ADC_ConvCpltCallback), (2 bytes).
    Removing stm32f1xx_hal_adc.o(i.HAL_ADC_DeInit), (228 bytes).
    Removing stm32f1xx_hal_adc.o(i.HAL_ADC_GetError), (4 bytes).
    Removing stm32f1xx_hal_adc.o(i.HAL_ADC_GetState), (4 bytes).
    Removing stm32f1xx_hal_adc.o(i.HAL_ADC_GetValue), (6 bytes).
    Removing stm32f1xx_hal_adc.o(i.HAL_ADC_MspDeInit), (2 bytes).
    Removing stm32f1xx_hal_adc.o(i.HAL_ADC_MspInit), (2 bytes).
    Removing stm32f1xx_hal_adc.o(i.HAL_ADC_PollForConversion), (304 bytes).
    Removing stm32f1xx_hal_adc.o(i.HAL_ADC_PollForEvent), (84 bytes).
    Removing stm32f1xx_hal_adc.o(i.HAL_ADC_Start), (192 bytes).
    Removing stm32f1xx_hal_adc.o(i.HAL_ADC_Start_IT), (204 bytes).
    Removing stm32f1xx_hal_adc.o(i.HAL_ADC_Stop), (52 bytes).
    Removing stm32f1xx_hal_adc.o(i.HAL_ADC_Stop_DMA), (76 bytes).
    Removing stm32f1xx_hal_adc.o(i.HAL_ADC_Stop_IT), (62 bytes).
    Removing stm32f1xx_hal_gpio.o(.rev16_text), (4 bytes).
    Removing stm32f1xx_hal_gpio.o(.revsh_text), (4 bytes).
    Removing stm32f1xx_hal_gpio.o(.rrx_text), (6 bytes).
    Removing stm32f1xx_hal_gpio.o(i.HAL_GPIO_DeInit), (256 bytes).
    Removing stm32f1xx_hal_gpio.o(i.HAL_GPIO_EXTI_Callback), (2 bytes).
    Removing stm32f1xx_hal_gpio.o(i.HAL_GPIO_EXTI_IRQHandler), (24 bytes).
    Removing stm32f1xx_hal_gpio.o(i.HAL_GPIO_LockPin), (34 bytes).
    Removing stm32f1xx_hal_gpio.o(i.HAL_GPIO_ReadPin), (10 bytes).
    Removing stm32f1xx_hal_gpio.o(i.HAL_GPIO_TogglePin), (8 bytes).
    Removing stm32f1xx_hal_iwdg.o(.rev16_text), (4 bytes).
    Removing stm32f1xx_hal_iwdg.o(.revsh_text), (4 bytes).
    Removing stm32f1xx_hal_iwdg.o(.rrx_text), (6 bytes).
    Removing stm32f1xx_hal_iwdg.o(i.HAL_IWDG_GetState), (4 bytes).
    Removing stm32f1xx_hal_iwdg.o(i.HAL_IWDG_Refresh), (84 bytes).
    Removing stm32f1xx_hal_iwdg.o(i.HAL_IWDG_Start), (42 bytes).

345 unused section(s) (total 20552 bytes) removed from the image.

==============================================================================

Image Symbol Table

    Local Symbols

    Symbol Name                              Value     Ov Type        Size  Object(Section)

    ../Drivers/STM32F1xx_HAL_Driver/Src/stm32f1xx_hal.c 0x00000000   Number         0  stm32f1xx_hal.o ABSOLUTE
    ../Drivers/STM32F1xx_HAL_Driver/Src/stm32f1xx_hal_adc.c 0x00000000   Number         0  stm32f1xx_hal_adc.o ABSOLUTE
    ../Drivers/STM32F1xx_HAL_Driver/Src/stm32f1xx_hal_adc_ex.c 0x00000000   Number         0  stm32f1xx_hal_adc_ex.o ABSOLUTE
    ../Drivers/STM32F1xx_HAL_Driver/Src/stm32f1xx_hal_cortex.c 0x00000000   Number         0  stm32f1xx_hal_cortex.o ABSOLUTE
    ../Drivers/STM32F1xx_HAL_Driver/Src/stm32f1xx_hal_dma.c 0x00000000   Number         0  stm32f1xx_hal_dma.o ABSOLUTE
    ../Drivers/STM32F1xx_HAL_Driver/Src/stm32f1xx_hal_flash.c 0x00000000   Number         0  stm32f1xx_hal_flash.o ABSOLUTE
    ../Drivers/STM32F1xx_HAL_Driver/Src/stm32f1xx_hal_flash_ex.c 0x00000000   Number         0  stm32f1xx_hal_flash_ex.o ABSOLUTE
    ../Drivers/STM32F1xx_HAL_Driver/Src/stm32f1xx_hal_gpio.c 0x00000000   Number         0  stm32f1xx_hal_gpio.o ABSOLUTE
    ../Drivers/STM32F1xx_HAL_Driver/Src/stm32f1xx_hal_gpio_ex.c 0x00000000   Number         0  stm32f1xx_hal_gpio_ex.o ABSOLUTE
    ../Drivers/STM32F1xx_HAL_Driver/Src/stm32f1xx_hal_iwdg.c 0x00000000   Number         0  stm32f1xx_hal_iwdg.o ABSOLUTE
    ../Drivers/STM32F1xx_HAL_Driver/Src/stm32f1xx_hal_pwr.c 0x00000000   Number         0  stm32f1xx_hal_pwr.o ABSOLUTE
    ../Drivers/STM32F1xx_HAL_Driver/Src/stm32f1xx_hal_rcc.c 0x00000000   Number         0  stm32f1xx_hal_rcc.o ABSOLUTE
    ../Drivers/STM32F1xx_HAL_Driver/Src/stm32f1xx_hal_rcc_ex.c 0x00000000   Number         0  stm32f1xx_hal_rcc_ex.o ABSOLUTE
    ../Drivers/STM32F1xx_HAL_Driver/Src/stm32f1xx_hal_tim.c 0x00000000   Number         0  stm32f1xx_hal_tim.o ABSOLUTE
    ../Drivers/STM32F1xx_HAL_Driver/Src/stm32f1xx_hal_tim_ex.c 0x00000000   Number         0  stm32f1xx_hal_tim_ex.o ABSOLUTE
    ../Drivers/STM32F1xx_HAL_Driver/Src/stm32f1xx_hal_uart.c 0x00000000   Number         0  stm32f1xx_hal_uart.o ABSOLUTE
    ../Src/adc.c                             0x00000000   Number         0  adc.o ABSOLUTE
    ../Src/dma.c                             0x00000000   Number         0  dma.o ABSOLUTE
    ../Src/gpio.c                            0x00000000   Number         0  gpio.o ABSOLUTE
    ../Src/iwdg.c                            0x00000000   Number         0  iwdg.o ABSOLUTE
    ../Src/main.c                            0x00000000   Number         0  main.o ABSOLUTE
    ../Src/stm32f1xx_hal_msp.c               0x00000000   Number         0  stm32f1xx_hal_msp.o ABSOLUTE
    ../Src/stm32f1xx_it.c                    0x00000000   Number         0  stm32f1xx_it.o ABSOLUTE
    ../Src/system_stm32f1xx.c                0x00000000   Number         0  system_stm32f1xx.o ABSOLUTE
    ../Src/tim.c                             0x00000000   Number         0  tim.o ABSOLUTE
    ../Src/usart.c                           0x00000000   Number         0  usart.o ABSOLUTE
    ../clib/microlib/init/entry.s            0x00000000   Number         0  entry11b.o ABSOLUTE
    ../clib/microlib/init/entry.s            0x00000000   Number         0  entry7b.o ABSOLUTE
    ../clib/microlib/init/entry.s            0x00000000   Number         0  entry7a.o ABSOLUTE
    ../clib/microlib/init/entry.s            0x00000000   Number         0  entry5.o ABSOLUTE
    ../clib/microlib/init/entry.s            0x00000000   Number         0  entry2.o ABSOLUTE
    ../clib/microlib/init/entry.s            0x00000000   Number         0  entry8a.o ABSOLUTE
    ../clib/microlib/init/entry.s            0x00000000   Number         0  entry11a.o ABSOLUTE
    ../clib/microlib/init/entry.s            0x00000000   Number         0  entry10b.o ABSOLUTE
    ../clib/microlib/init/entry.s            0x00000000   Number         0  entry10a.o ABSOLUTE
    ../clib/microlib/init/entry.s            0x00000000   Number         0  entry.o ABSOLUTE
    ../clib/microlib/init/entry.s            0x00000000   Number         0  entry9b.o ABSOLUTE
    ../clib/microlib/init/entry.s            0x00000000   Number         0  entry9a.o ABSOLUTE
    ../clib/microlib/init/entry.s            0x00000000   Number         0  entry8b.o ABSOLUTE
    ../clib/microlib/longlong.c              0x00000000   Number         0  llshl.o ABSOLUTE
    ../clib/microlib/longlong.c              0x00000000   Number         0  llushr.o ABSOLUTE
    ../clib/microlib/longlong.c              0x00000000   Number         0  llsshr.o ABSOLUTE
    ../clib/microlib/stubs.s                 0x00000000   Number         0  iusefp.o ABSOLUTE
    ../fplib/microlib/fpadd.c                0x00000000   Number         0  dadd.o ABSOLUTE
    ../fplib/microlib/fpepilogue.c           0x00000000   Number         0  depilogue.o ABSOLUTE
    ../fplib/microlib/fpfix.c                0x00000000   Number         0  dfixui.o ABSOLUTE
    ../fplib/microlib/fpflt.c                0x00000000   Number         0  dflti.o ABSOLUTE
    ../fplib/microlib/fpflt.c                0x00000000   Number         0  dfltui.o ABSOLUTE
    ../fplib/microlib/fpmul.c                0x00000000   Number         0  dmul.o ABSOLUTE
    ..\Drivers\STM32F1xx_HAL_Driver\Src\stm32f1xx_hal.c 0x00000000   Number         0  stm32f1xx_hal.o ABSOLUTE
    ..\Drivers\STM32F1xx_HAL_Driver\Src\stm32f1xx_hal_adc.c 0x00000000   Number         0  stm32f1xx_hal_adc.o ABSOLUTE
    ..\Drivers\STM32F1xx_HAL_Driver\Src\stm32f1xx_hal_adc_ex.c 0x00000000   Number         0  stm32f1xx_hal_adc_ex.o ABSOLUTE
    ..\Drivers\STM32F1xx_HAL_Driver\Src\stm32f1xx_hal_cortex.c 0x00000000   Number         0  stm32f1xx_hal_cortex.o ABSOLUTE
    ..\Drivers\STM32F1xx_HAL_Driver\Src\stm32f1xx_hal_dma.c 0x00000000   Number         0  stm32f1xx_hal_dma.o ABSOLUTE
    ..\Drivers\STM32F1xx_HAL_Driver\Src\stm32f1xx_hal_flash.c 0x00000000   Number         0  stm32f1xx_hal_flash.o ABSOLUTE
    ..\Drivers\STM32F1xx_HAL_Driver\Src\stm32f1xx_hal_flash_ex.c 0x00000000   Number         0  stm32f1xx_hal_flash_ex.o ABSOLUTE
    ..\Drivers\STM32F1xx_HAL_Driver\Src\stm32f1xx_hal_gpio.c 0x00000000   Number         0  stm32f1xx_hal_gpio.o ABSOLUTE
    ..\Drivers\STM32F1xx_HAL_Driver\Src\stm32f1xx_hal_gpio_ex.c 0x00000000   Number         0  stm32f1xx_hal_gpio_ex.o ABSOLUTE
    ..\Drivers\STM32F1xx_HAL_Driver\Src\stm32f1xx_hal_iwdg.c 0x00000000   Number         0  stm32f1xx_hal_iwdg.o ABSOLUTE
    ..\Drivers\STM32F1xx_HAL_Driver\Src\stm32f1xx_hal_pwr.c 0x00000000   Number         0  stm32f1xx_hal_pwr.o ABSOLUTE
    ..\Drivers\STM32F1xx_HAL_Driver\Src\stm32f1xx_hal_rcc.c 0x00000000   Number         0  stm32f1xx_hal_rcc.o ABSOLUTE
    ..\Drivers\STM32F1xx_HAL_Driver\Src\stm32f1xx_hal_rcc_ex.c 0x00000000   Number         0  stm32f1xx_hal_rcc_ex.o ABSOLUTE
    ..\Drivers\STM32F1xx_HAL_Driver\Src\stm32f1xx_hal_tim.c 0x00000000   Number         0  stm32f1xx_hal_tim.o ABSOLUTE
    ..\Drivers\STM32F1xx_HAL_Driver\Src\stm32f1xx_hal_tim_ex.c 0x00000000   Number         0  stm32f1xx_hal_tim_ex.o ABSOLUTE
    ..\Drivers\STM32F1xx_HAL_Driver\Src\stm32f1xx_hal_uart.c 0x00000000   Number         0  stm32f1xx_hal_uart.o ABSOLUTE
    ..\Src\adc.c                             0x00000000   Number         0  adc.o ABSOLUTE
    ..\Src\dma.c                             0x00000000   Number         0  dma.o ABSOLUTE
    ..\Src\gpio.c                            0x00000000   Number         0  gpio.o ABSOLUTE
    ..\Src\iwdg.c                            0x00000000   Number         0  iwdg.o ABSOLUTE
    ..\Src\main.c                            0x00000000   Number         0  main.o ABSOLUTE
    ..\Src\stm32f1xx_hal_msp.c               0x00000000   Number         0  stm32f1xx_hal_msp.o ABSOLUTE
    ..\Src\stm32f1xx_it.c                    0x00000000   Number         0  stm32f1xx_it.o ABSOLUTE
    ..\Src\system_stm32f1xx.c                0x00000000   Number         0  system_stm32f1xx.o ABSOLUTE
    ..\Src\tim.c                             0x00000000   Number         0  tim.o ABSOLUTE
    ..\Src\usart.c                           0x00000000   Number         0  usart.o ABSOLUTE
    cdrcmple.s                               0x00000000   Number         0  cdrcmple.o ABSOLUTE
    dc.s                                     0x00000000   Number         0  dc.o ABSOLUTE
    handlers.s                               0x00000000   Number         0  handlers.o ABSOLUTE
    init.s                                   0x00000000   Number         0  init.o ABSOLUTE
    startup_stm32f103xe.s                    0x00000000   Number         0  startup_stm32f103xe.o ABSOLUTE
    RESET                                    0x08000000   Section      304  startup_stm32f103xe.o(RESET)
    .ARM.Collect$$$$00000000                 0x08000130   Section        0  entry.o(.ARM.Collect$$$$00000000)
    .ARM.Collect$$$$00000001                 0x08000130   Section        4  entry2.o(.ARM.Collect$$$$00000001)
    .ARM.Collect$$$$00000004                 0x08000134   Section        4  entry5.o(.ARM.Collect$$$$00000004)
    .ARM.Collect$$$$00000008                 0x08000138   Section        0  entry7b.o(.ARM.Collect$$$$00000008)
    .ARM.Collect$$$$0000000A                 0x08000138   Section        0  entry8b.o(.ARM.Collect$$$$0000000A)
    .ARM.Collect$$$$0000000B                 0x08000138   Section        8  entry9a.o(.ARM.Collect$$$$0000000B)
    .ARM.Collect$$$$0000000D                 0x08000140   Section        0  entry10a.o(.ARM.Collect$$$$0000000D)
    .ARM.Collect$$$$0000000F                 0x08000140   Section        0  entry11a.o(.ARM.Collect$$$$0000000F)
    .ARM.Collect$$$$00002712                 0x08000140   Section        4  entry2.o(.ARM.Collect$$$$00002712)
    __lit__00000000                          0x08000140   Data           4  entry2.o(.ARM.Collect$$$$00002712)
    .text                                    0x08000144   Section       36  startup_stm32f103xe.o(.text)
    .text                                    0x08000168   Section        0  llushr.o(.text)
    .text                                    0x08000188   Section        0  dadd.o(.text)
    .text                                    0x080002d6   Section        0  dmul.o(.text)
    .text                                    0x080003ba   Section        0  dflti.o(.text)
    .text                                    0x080003dc   Section        0  dfltui.o(.text)
    .text                                    0x080003f6   Section        0  dfixui.o(.text)
    .text                                    0x08000428   Section       40  cdrcmple.o(.text)
    .text                                    0x08000450   Section        0  llshl.o(.text)
    .text                                    0x0800046e   Section        0  llsshr.o(.text)
    .text                                    0x08000492   Section        0  depilogue.o(.text)
    .text                                    0x08000492   Section        0  iusefp.o(.text)
    .text                                    0x08000550   Section       36  init.o(.text)
    i.ADC1_2_IRQHandler                      0x08000574   Section        0  stm32f1xx_it.o(i.ADC1_2_IRQHandler)
    i.ADC_ConversionStop_Disable             0x08000580   Section        0  stm32f1xx_hal_adc.o(i.ADC_ConversionStop_Disable)
    i.ADC_DMAConvCplt                        0x080005cc   Section        0  stm32f1xx_hal_adc.o(i.ADC_DMAConvCplt)
    i.ADC_DMAError                           0x0800061a   Section        0  stm32f1xx_hal_adc.o(i.ADC_DMAError)
    i.ADC_DMAHalfConvCplt                    0x08000634   Section        0  stm32f1xx_hal_adc.o(i.ADC_DMAHalfConvCplt)
    i.ADC_Enable                             0x08000640   Section        0  stm32f1xx_hal_adc.o(i.ADC_Enable)
    i.All_Data_Trans_Packing                 0x080006b0   Section        0  main.o(i.All_Data_Trans_Packing)
    i.BusFault_Handler                       0x080008b8   Section        0  stm32f1xx_it.o(i.BusFault_Handler)
    i.Charging_Preparing                     0x080008bc   Section        0  main.o(i.Charging_Preparing)
    i.Charging_Stopping                      0x080008fc   Section        0  main.o(i.Charging_Stopping)
    i.DMA1_Channel1_IRQHandler               0x08000930   Section        0  stm32f1xx_it.o(i.DMA1_Channel1_IRQHandler)
    i.DMA1_Channel2_IRQHandler               0x0800093c   Section        0  stm32f1xx_it.o(i.DMA1_Channel2_IRQHandler)
    i.DMA_SetConfig                          0x08000948   Section        0  stm32f1xx_hal_dma.o(i.DMA_SetConfig)
    DMA_SetConfig                            0x08000949   Thumb Code    30  stm32f1xx_hal_dma.o(i.DMA_SetConfig)
    i.Data_Decode                            0x08000968   Section        0  main.o(i.Data_Decode)
    i.DebugMon_Handler                       0x080009b0   Section        0  stm32f1xx_it.o(i.DebugMon_Handler)
    i.Decode_First                           0x080009b4   Section        0  main.o(i.Decode_First)
    i.Decode_Second                          0x08000a40   Section        0  main.o(i.Decode_Second)
    i.Decode_Third                           0x08000a8c   Section        0  main.o(i.Decode_Third)
    i.Error_Handler                          0x08000ab8   Section        0  main.o(i.Error_Handler)
    i.FLASH_MassErase                        0x08000abc   Section        0  stm32f1xx_hal_flash_ex.o(i.FLASH_MassErase)
    FLASH_MassErase                          0x08000abd   Thumb Code    26  stm32f1xx_hal_flash_ex.o(i.FLASH_MassErase)
    i.FLASH_PageErase                        0x08000ae0   Section        0  stm32f1xx_hal_flash_ex.o(i.FLASH_PageErase)
    i.FLASH_Program_HalfWord                 0x08000b04   Section        0  stm32f1xx_hal_flash.o(i.FLASH_Program_HalfWord)
    FLASH_Program_HalfWord                   0x08000b05   Thumb Code    20  stm32f1xx_hal_flash.o(i.FLASH_Program_HalfWord)
    i.FLASH_SetErrorCode                     0x08000b20   Section        0  stm32f1xx_hal_flash.o(i.FLASH_SetErrorCode)
    FLASH_SetErrorCode                       0x08000b21   Thumb Code    60  stm32f1xx_hal_flash.o(i.FLASH_SetErrorCode)
    i.FLASH_WaitForLastOperation             0x08000b64   Section        0  stm32f1xx_hal_flash.o(i.FLASH_WaitForLastOperation)
    i.Fault_Field_Save                       0x08000bb8   Section        0  main.o(i.Fault_Field_Save)
    i.Frequency_Data_Trans_Packing           0x08000bf4   Section        0  main.o(i.Frequency_Data_Trans_Packing)
    i.Frequency_Scan                         0x08000c48   Section        0  main.o(i.Frequency_Scan)
    i.Frequency_Scan485                      0x08000d54   Section        0  main.o(i.Frequency_Scan485)
    i.HAL_ADCEx_InjectedConvCpltCallback     0x08000e90   Section        0  stm32f1xx_hal_adc_ex.o(i.HAL_ADCEx_InjectedConvCpltCallback)
    i.HAL_ADC_ConfigChannel                  0x08000e94   Section        0  stm32f1xx_hal_adc.o(i.HAL_ADC_ConfigChannel)
    i.HAL_ADC_ConvCpltCallback               0x08000ffc   Section        0  main.o(i.HAL_ADC_ConvCpltCallback)
    i.HAL_ADC_ConvHalfCpltCallback           0x08001080   Section        0  stm32f1xx_hal_adc.o(i.HAL_ADC_ConvHalfCpltCallback)
    i.HAL_ADC_ErrorCallback                  0x08001082   Section        0  stm32f1xx_hal_adc.o(i.HAL_ADC_ErrorCallback)
    i.HAL_ADC_IRQHandler                     0x08001084   Section        0  stm32f1xx_hal_adc.o(i.HAL_ADC_IRQHandler)
    i.HAL_ADC_Init                           0x0800116c   Section        0  stm32f1xx_hal_adc.o(i.HAL_ADC_Init)
    i.HAL_ADC_LevelOutOfWindowCallback       0x080012b4   Section        0  stm32f1xx_hal_adc.o(i.HAL_ADC_LevelOutOfWindowCallback)
    i.HAL_ADC_MspInit                        0x080012b8   Section        0  adc.o(i.HAL_ADC_MspInit)
    i.HAL_ADC_Start_DMA                      0x08001360   Section        0  stm32f1xx_hal_adc.o(i.HAL_ADC_Start_DMA)
    i.HAL_DMA_IRQHandler                     0x0800146c   Section        0  stm32f1xx_hal_dma.o(i.HAL_DMA_IRQHandler)
    i.HAL_DMA_Init                           0x08001924   Section        0  stm32f1xx_hal_dma.o(i.HAL_DMA_Init)
    i.HAL_DMA_Start_IT                       0x08001974   Section        0  stm32f1xx_hal_dma.o(i.HAL_DMA_Start_IT)
    i.HAL_Delay                              0x080019cc   Section        0  stm32f1xx_hal.o(i.HAL_Delay)
    i.HAL_FLASHEx_Erase                      0x080019e4   Section        0  stm32f1xx_hal_flash_ex.o(i.HAL_FLASHEx_Erase)
    i.HAL_FLASH_Lock                         0x08001a8c   Section        0  stm32f1xx_hal_flash.o(i.HAL_FLASH_Lock)
    i.HAL_FLASH_Program                      0x08001aa0   Section        0  stm32f1xx_hal_flash.o(i.HAL_FLASH_Program)
    i.HAL_FLASH_Unlock                       0x08001b20   Section        0  stm32f1xx_hal_flash.o(i.HAL_FLASH_Unlock)
    i.HAL_GPIO_Init                          0x08001b44   Section        0  stm32f1xx_hal_gpio.o(i.HAL_GPIO_Init)
    i.HAL_GPIO_WritePin                      0x08001d2c   Section        0  stm32f1xx_hal_gpio.o(i.HAL_GPIO_WritePin)
    i.HAL_GetTick                            0x08001d38   Section        0  stm32f1xx_hal.o(i.HAL_GetTick)
    i.HAL_IWDG_Init                          0x08001d44   Section        0  stm32f1xx_hal_iwdg.o(i.HAL_IWDG_Init)
    i.HAL_IWDG_MspInit                       0x08001d9e   Section        0  stm32f1xx_hal_iwdg.o(i.HAL_IWDG_MspInit)
    i.HAL_IncTick                            0x08001da0   Section        0  stm32f1xx_hal.o(i.HAL_IncTick)
    i.HAL_Init                               0x08001db0   Section        0  stm32f1xx_hal.o(i.HAL_Init)
    i.HAL_InitTick                           0x08001dd4   Section        0  stm32f1xx_hal.o(i.HAL_InitTick)
    i.HAL_MspInit                            0x08001df8   Section        0  stm32f1xx_hal_msp.o(i.HAL_MspInit)
    i.HAL_NVIC_EnableIRQ                     0x08001e78   Section        0  stm32f1xx_hal_cortex.o(i.HAL_NVIC_EnableIRQ)
    i.HAL_NVIC_SetPriority                   0x08001e90   Section        0  stm32f1xx_hal_cortex.o(i.HAL_NVIC_SetPriority)
    i.HAL_NVIC_SetPriorityGrouping           0x08001ed0   Section        0  stm32f1xx_hal_cortex.o(i.HAL_NVIC_SetPriorityGrouping)
    i.HAL_RCCEx_PeriphCLKConfig              0x08001ef4   Section        0  stm32f1xx_hal_rcc_ex.o(i.HAL_RCCEx_PeriphCLKConfig)
    i.HAL_RCC_ClockConfig                    0x08002020   Section        0  stm32f1xx_hal_rcc.o(i.HAL_RCC_ClockConfig)
    i.HAL_RCC_GetHCLKFreq                    0x080021a8   Section        0  stm32f1xx_hal_rcc.o(i.HAL_RCC_GetHCLKFreq)
    i.HAL_RCC_GetPCLK1Freq                   0x080021b4   Section        0  stm32f1xx_hal_rcc.o(i.HAL_RCC_GetPCLK1Freq)
    i.HAL_RCC_GetPCLK2Freq                   0x080021e4   Section        0  stm32f1xx_hal_rcc.o(i.HAL_RCC_GetPCLK2Freq)
    i.HAL_RCC_GetSysClockFreq                0x08002214   Section        0  stm32f1xx_hal_rcc.o(i.HAL_RCC_GetSysClockFreq)
    i.HAL_RCC_OscConfig                      0x0800229c   Section        0  stm32f1xx_hal_rcc.o(i.HAL_RCC_OscConfig)
    i.HAL_SYSTICK_CLKSourceConfig            0x0800281a   Section        0  stm32f1xx_hal_cortex.o(i.HAL_SYSTICK_CLKSourceConfig)
    i.HAL_SYSTICK_Callback                   0x08002834   Section        0  main.o(i.HAL_SYSTICK_Callback)
    i.HAL_SYSTICK_Config                     0x080028f4   Section        0  stm32f1xx_hal_cortex.o(i.HAL_SYSTICK_Config)
    i.HAL_SYSTICK_IRQHandler                 0x0800291c   Section        0  stm32f1xx_hal_cortex.o(i.HAL_SYSTICK_IRQHandler)
    i.HAL_TIMEx_BreakCallback                0x08002924   Section        0  stm32f1xx_hal_tim_ex.o(i.HAL_TIMEx_BreakCallback)
    i.HAL_TIMEx_CommutationCallback          0x08002926   Section        0  stm32f1xx_hal_tim_ex.o(i.HAL_TIMEx_CommutationCallback)
    i.HAL_TIMEx_ConfigBreakDeadTime          0x08002928   Section        0  stm32f1xx_hal_tim_ex.o(i.HAL_TIMEx_ConfigBreakDeadTime)
    i.HAL_TIMEx_MasterConfigSynchronization  0x0800296a   Section        0  stm32f1xx_hal_tim_ex.o(i.HAL_TIMEx_MasterConfigSynchronization)
    i.HAL_TIMEx_PWMN_Start                   0x080029ba   Section        0  stm32f1xx_hal_tim_ex.o(i.HAL_TIMEx_PWMN_Start)
    i.HAL_TIM_Base_Init                      0x080029de   Section        0  stm32f1xx_hal_tim.o(i.HAL_TIM_Base_Init)
    i.HAL_TIM_Base_MspInit                   0x08002a14   Section        0  tim.o(i.HAL_TIM_Base_MspInit)
    i.HAL_TIM_Base_Start_IT                  0x08002a50   Section        0  stm32f1xx_hal_tim.o(i.HAL_TIM_Base_Start_IT)
    i.HAL_TIM_Base_Stop                      0x08002a68   Section        0  stm32f1xx_hal_tim.o(i.HAL_TIM_Base_Stop)
    i.HAL_TIM_IC_CaptureCallback             0x08002a94   Section        0  main.o(i.HAL_TIM_IC_CaptureCallback)
    i.HAL_TIM_IC_ConfigChannel               0x08002b78   Section        0  stm32f1xx_hal_tim.o(i.HAL_TIM_IC_ConfigChannel)
    i.HAL_TIM_IC_Init                        0x08002c96   Section        0  stm32f1xx_hal_tim.o(i.HAL_TIM_IC_Init)
    i.HAL_TIM_IC_MspInit                     0x08002ccc   Section        0  tim.o(i.HAL_TIM_IC_MspInit)
    i.HAL_TIM_IC_Start_IT                    0x08002d2c   Section        0  stm32f1xx_hal_tim.o(i.HAL_TIM_IC_Start_IT)
    i.HAL_TIM_IRQHandler                     0x08002d78   Section        0  stm32f1xx_hal_tim.o(i.HAL_TIM_IRQHandler)
    i.HAL_TIM_MspPostInit                    0x08002ee0   Section        0  tim.o(i.HAL_TIM_MspPostInit)
    i.HAL_TIM_OC_DelayElapsedCallback        0x08002f1c   Section        0  stm32f1xx_hal_tim.o(i.HAL_TIM_OC_DelayElapsedCallback)
    i.HAL_TIM_PWM_ConfigChannel              0x08002f1e   Section        0  stm32f1xx_hal_tim.o(i.HAL_TIM_PWM_ConfigChannel)
    i.HAL_TIM_PWM_Init                       0x08002fee   Section        0  stm32f1xx_hal_tim.o(i.HAL_TIM_PWM_Init)
    i.HAL_TIM_PWM_MspInit                    0x08003024   Section        0  tim.o(i.HAL_TIM_PWM_MspInit)
    i.HAL_TIM_PWM_PulseFinishedCallback      0x0800304c   Section        0  stm32f1xx_hal_tim.o(i.HAL_TIM_PWM_PulseFinishedCallback)
    i.HAL_TIM_PWM_Start                      0x08003050   Section        0  stm32f1xx_hal_tim.o(i.HAL_TIM_PWM_Start)
    i.HAL_TIM_PWM_Stop                       0x08003088   Section        0  stm32f1xx_hal_tim.o(i.HAL_TIM_PWM_Stop)
    i.HAL_TIM_PeriodElapsedCallback          0x080030e4   Section        0  main.o(i.HAL_TIM_PeriodElapsedCallback)
    i.HAL_TIM_TriggerCallback                0x0800315c   Section        0  stm32f1xx_hal_tim.o(i.HAL_TIM_TriggerCallback)
    i.HAL_UART_ErrorCallback                 0x0800315e   Section        0  stm32f1xx_hal_uart.o(i.HAL_UART_ErrorCallback)
    i.HAL_UART_GetState                      0x08003160   Section        0  stm32f1xx_hal_uart.o(i.HAL_UART_GetState)
    i.HAL_UART_IRQHandler                    0x08003168   Section        0  stm32f1xx_hal_uart.o(i.HAL_UART_IRQHandler)
    i.HAL_UART_Init                          0x08003242   Section        0  stm32f1xx_hal_uart.o(i.HAL_UART_Init)
    i.HAL_UART_MspInit                       0x080032a0   Section        0  usart.o(i.HAL_UART_MspInit)
    i.HAL_UART_Receive_IT                    0x0800334c   Section        0  stm32f1xx_hal_uart.o(i.HAL_UART_Receive_IT)
    i.HAL_UART_RxCpltCallback                0x080033b8   Section        0  main.o(i.HAL_UART_RxCpltCallback)
    i.HAL_UART_Transmit_DMA                  0x0800340c   Section        0  stm32f1xx_hal_uart.o(i.HAL_UART_Transmit_DMA)
    i.HAL_UART_TxCpltCallback                0x0800349c   Section        0  main.o(i.HAL_UART_TxCpltCallback)
    i.HAL_UART_TxHalfCpltCallback            0x080034cc   Section        0  stm32f1xx_hal_uart.o(i.HAL_UART_TxHalfCpltCallback)
    i.HardFault_Handler                      0x080034ce   Section        0  stm32f1xx_it.o(i.HardFault_Handler)
    i.Limit_Data_Trans_Packing               0x080034d0   Section        0  main.o(i.Limit_Data_Trans_Packing)
    i.MX_ADC1_Init                           0x08003520   Section        0  adc.o(i.MX_ADC1_Init)
    i.MX_DMA_Init                            0x080035c0   Section        0  dma.o(i.MX_DMA_Init)
    i.MX_GPIO_Init                           0x080035fc   Section        0  gpio.o(i.MX_GPIO_Init)
    i.MX_IWDG_Init                           0x080036dc   Section        0  iwdg.o(i.MX_IWDG_Init)
    i.MX_TIM1_Init                           0x08003708   Section        0  tim.o(i.MX_TIM1_Init)
    i.MX_TIM3_Init                           0x08003794   Section        0  tim.o(i.MX_TIM3_Init)
    i.MX_TIM7_Init                           0x080037f4   Section        0  tim.o(i.MX_TIM7_Init)
    i.MX_USART3_UART_Init                    0x08003830   Section        0  usart.o(i.MX_USART3_UART_Init)
    i.MemManage_Handler                      0x08003868   Section        0  stm32f1xx_it.o(i.MemManage_Handler)
    i.NMI_Handler                            0x0800386a   Section        0  stm32f1xx_it.o(i.NMI_Handler)
    i.NVIC_SetPriority                       0x0800386c   Section        0  stm32f1xx_hal_cortex.o(i.NVIC_SetPriority)
    NVIC_SetPriority                         0x0800386d   Thumb Code    32  stm32f1xx_hal_cortex.o(i.NVIC_SetPriority)
    i.PendSV_Handler                         0x0800388c   Section        0  stm32f1xx_it.o(i.PendSV_Handler)
    i.SVC_Handler                            0x0800388e   Section        0  stm32f1xx_it.o(i.SVC_Handler)
    i.State_Data_Trans_Packing               0x08003890   Section        0  main.o(i.State_Data_Trans_Packing)
    i.SysTick_Handler                        0x080038dc   Section        0  stm32f1xx_it.o(i.SysTick_Handler)
    i.SystemClock_Config                     0x080038ea   Section        0  main.o(i.SystemClock_Config)
    i.SystemInit                             0x08003964   Section        0  system_stm32f1xx.o(i.SystemInit)
    i.TIM3_IRQHandler                        0x080039ac   Section        0  stm32f1xx_it.o(i.TIM3_IRQHandler)
    i.TIM7_IRQHandler                        0x080039b8   Section        0  stm32f1xx_it.o(i.TIM7_IRQHandler)
    i.TIM_Base_SetConfig                     0x080039c4   Section        0  stm32f1xx_hal_tim.o(i.TIM_Base_SetConfig)
    i.TIM_CCxChannelCmd                      0x08003a48   Section        0  stm32f1xx_hal_tim.o(i.TIM_CCxChannelCmd)
    i.TIM_CCxNChannelCmd                     0x08003a5e   Section        0  stm32f1xx_hal_tim_ex.o(i.TIM_CCxNChannelCmd)
    TIM_CCxNChannelCmd                       0x08003a5f   Thumb Code    22  stm32f1xx_hal_tim_ex.o(i.TIM_CCxNChannelCmd)
    i.TIM_OC1_SetConfig                      0x08003a74   Section        0  stm32f1xx_hal_tim.o(i.TIM_OC1_SetConfig)
    TIM_OC1_SetConfig                        0x08003a75   Thumb Code    88  stm32f1xx_hal_tim.o(i.TIM_OC1_SetConfig)
    i.TIM_OC2_SetConfig                      0x08003ad4   Section        0  stm32f1xx_hal_tim.o(i.TIM_OC2_SetConfig)
    i.TIM_OC3_SetConfig                      0x08003b40   Section        0  stm32f1xx_hal_tim.o(i.TIM_OC3_SetConfig)
    TIM_OC3_SetConfig                        0x08003b41   Thumb Code    96  stm32f1xx_hal_tim.o(i.TIM_OC3_SetConfig)
    i.TIM_OC4_SetConfig                      0x08003ba8   Section        0  stm32f1xx_hal_tim.o(i.TIM_OC4_SetConfig)
    TIM_OC4_SetConfig                        0x08003ba9   Thumb Code    70  stm32f1xx_hal_tim.o(i.TIM_OC4_SetConfig)
    i.TIM_TI1_SetConfig                      0x08003bf8   Section        0  stm32f1xx_hal_tim.o(i.TIM_TI1_SetConfig)
    i.TIM_TI2_SetConfig                      0x08003c64   Section        0  stm32f1xx_hal_tim.o(i.TIM_TI2_SetConfig)
    TIM_TI2_SetConfig                        0x08003c65   Thumb Code    54  stm32f1xx_hal_tim.o(i.TIM_TI2_SetConfig)
    i.UART_DMAError                          0x08003c9a   Section        0  stm32f1xx_hal_uart.o(i.UART_DMAError)
    UART_DMAError                            0x08003c9b   Thumb Code    30  stm32f1xx_hal_uart.o(i.UART_DMAError)
    i.UART_DMATransmitCplt                   0x08003cb8   Section        0  stm32f1xx_hal_uart.o(i.UART_DMATransmitCplt)
    UART_DMATransmitCplt                     0x08003cb9   Thumb Code    46  stm32f1xx_hal_uart.o(i.UART_DMATransmitCplt)
    i.UART_DMATxHalfCplt                     0x08003ce6   Section        0  stm32f1xx_hal_uart.o(i.UART_DMATxHalfCplt)
    UART_DMATxHalfCplt                       0x08003ce7   Thumb Code    10  stm32f1xx_hal_uart.o(i.UART_DMATxHalfCplt)
    i.UART_Receive_IT                        0x08003cf0   Section        0  stm32f1xx_hal_uart.o(i.UART_Receive_IT)
    UART_Receive_IT                          0x08003cf1   Thumb Code   168  stm32f1xx_hal_uart.o(i.UART_Receive_IT)
    i.UART_SetConfig                         0x08003d98   Section        0  stm32f1xx_hal_uart.o(i.UART_SetConfig)
    UART_SetConfig                           0x08003d99   Thumb Code   364  stm32f1xx_hal_uart.o(i.UART_SetConfig)
    i.UART_Transmit_IT                       0x08003f08   Section        0  stm32f1xx_hal_uart.o(i.UART_Transmit_IT)
    UART_Transmit_IT                         0x08003f09   Thumb Code   102  stm32f1xx_hal_uart.o(i.UART_Transmit_IT)
    i.USART3_IRQHandler                      0x08003f70   Section        0  stm32f1xx_it.o(i.USART3_IRQHandler)
    i.UsageFault_Handler                     0x08003f7c   Section        0  stm32f1xx_it.o(i.UsageFault_Handler)
    i.Variable_Init                          0x08003f80   Section        0  main.o(i.Variable_Init)
    i.WriteFlash                             0x08004008   Section        0  main.o(i.WriteFlash)
    i.__scatterload_copy                     0x08004048   Section       14  handlers.o(i.__scatterload_copy)
    i.__scatterload_null                     0x08004056   Section        2  handlers.o(i.__scatterload_null)
    i.__scatterload_zeroinit                 0x08004058   Section       14  handlers.o(i.__scatterload_zeroinit)
    i.main                                   0x08004068   Section        0  main.o(i.main)
    .constdata                               0x080044d4   Section       16  system_stm32f1xx.o(.constdata)
    .constdata                               0x080044e4   Section        8  system_stm32f1xx.o(.constdata)
    .data                                    0x20000000   Section        4  system_stm32f1xx.o(.data)
    .data                                    0x20000008   Section      208  main.o(.data)
    .data                                    0x200000d8   Section        4  stm32f1xx_hal.o(.data)
    uwTick                                   0x200000d8   Data           4  stm32f1xx_hal.o(.data)
    .bss                                     0x200000dc   Section      120  usart.o(.bss)
    .bss                                     0x20000154   Section      180  tim.o(.bss)
    .bss                                     0x20000208   Section      212  main.o(.bss)
    .bss                                     0x200002dc   Section      104  adc.o(.bss)
    .bss                                     0x20000344   Section       16  iwdg.o(.bss)
    .bss                                     0x20000358   Section       32  stm32f1xx_hal_flash.o(.bss)
    STACK                                    0x20000378   Section     1024  startup_stm32f103xe.o(STACK)

    Global Symbols

    Symbol Name                              Value     Ov Type        Size  Object(Section)

    BuildAttributes$$THM_ISAv4$P$D$K$B$S$PE$A:L22UL41UL21$X:L11$S22US41US21$IEEE1$IW$USESV6$~STKCKD$USESV7$~SHL$OSPACE$ROPI$EBA8$MICROLIB$REQ8$PRES8$EABIv2 0x00000000   Number         0  anon$$obj.o ABSOLUTE
    __ARM_use_no_argv                        0x00000000   Number         0  main.o ABSOLUTE
    __cpp_initialize__aeabi_                  - Undefined Weak Reference
    __cxa_finalize                            - Undefined Weak Reference
    __decompress                              - Undefined Weak Reference
    _clock_init                               - Undefined Weak Reference
    _microlib_exit                            - Undefined Weak Reference
    __Vectors_Size                           0x00000130   Number         0  startup_stm32f103xe.o ABSOLUTE
    __Vectors                                0x08000000   Data           4  startup_stm32f103xe.o(RESET)
    __Vectors_End                            0x08000130   Data           0  startup_stm32f103xe.o(RESET)
    __main                                   0x08000131   Thumb Code     0  entry.o(.ARM.Collect$$$$00000000)
    _main_stk                                0x08000131   Thumb Code     0  entry2.o(.ARM.Collect$$$$00000001)
    _main_scatterload                        0x08000135   Thumb Code     0  entry5.o(.ARM.Collect$$$$00000004)
    __main_after_scatterload                 0x08000139   Thumb Code     0  entry5.o(.ARM.Collect$$$$00000004)
    _main_clock                              0x08000139   Thumb Code     0  entry7b.o(.ARM.Collect$$$$00000008)
    _main_cpp_init                           0x08000139   Thumb Code     0  entry8b.o(.ARM.Collect$$$$0000000A)
    _main_init                               0x08000139   Thumb Code     0  entry9a.o(.ARM.Collect$$$$0000000B)
    __rt_final_cpp                           0x08000141   Thumb Code     0  entry10a.o(.ARM.Collect$$$$0000000D)
    __rt_final_exit                          0x08000141   Thumb Code     0  entry11a.o(.ARM.Collect$$$$0000000F)
    Reset_Handler                            0x08000145   Thumb Code     8  startup_stm32f103xe.o(.text)
    ADC3_IRQHandler                          0x0800015f   Thumb Code     0  startup_stm32f103xe.o(.text)
    CAN1_RX1_IRQHandler                      0x0800015f   Thumb Code     0  startup_stm32f103xe.o(.text)
    CAN1_SCE_IRQHandler                      0x0800015f   Thumb Code     0  startup_stm32f103xe.o(.text)
    DMA1_Channel3_IRQHandler                 0x0800015f   Thumb Code     0  startup_stm32f103xe.o(.text)
    DMA1_Channel4_IRQHandler                 0x0800015f   Thumb Code     0  startup_stm32f103xe.o(.text)
    DMA1_Channel5_IRQHandler                 0x0800015f   Thumb Code     0  startup_stm32f103xe.o(.text)
    DMA1_Channel6_IRQHandler                 0x0800015f   Thumb Code     0  startup_stm32f103xe.o(.text)
    DMA1_Channel7_IRQHandler                 0x0800015f   Thumb Code     0  startup_stm32f103xe.o(.text)
    DMA2_Channel1_IRQHandler                 0x0800015f   Thumb Code     0  startup_stm32f103xe.o(.text)
    DMA2_Channel2_IRQHandler                 0x0800015f   Thumb Code     0  startup_stm32f103xe.o(.text)
    DMA2_Channel3_IRQHandler                 0x0800015f   Thumb Code     0  startup_stm32f103xe.o(.text)
    DMA2_Channel4_5_IRQHandler               0x0800015f   Thumb Code     0  startup_stm32f103xe.o(.text)
    EXTI0_IRQHandler                         0x0800015f   Thumb Code     0  startup_stm32f103xe.o(.text)
    EXTI15_10_IRQHandler                     0x0800015f   Thumb Code     0  startup_stm32f103xe.o(.text)
    EXTI1_IRQHandler                         0x0800015f   Thumb Code     0  startup_stm32f103xe.o(.text)
    EXTI2_IRQHandler                         0x0800015f   Thumb Code     0  startup_stm32f103xe.o(.text)
    EXTI3_IRQHandler                         0x0800015f   Thumb Code     0  startup_stm32f103xe.o(.text)
    EXTI4_IRQHandler                         0x0800015f   Thumb Code     0  startup_stm32f103xe.o(.text)
    EXTI9_5_IRQHandler                       0x0800015f   Thumb Code     0  startup_stm32f103xe.o(.text)
    FLASH_IRQHandler                         0x0800015f   Thumb Code     0  startup_stm32f103xe.o(.text)
    FSMC_IRQHandler                          0x0800015f   Thumb Code     0  startup_stm32f103xe.o(.text)
    I2C1_ER_IRQHandler                       0x0800015f   Thumb Code     0  startup_stm32f103xe.o(.text)
    I2C1_EV_IRQHandler                       0x0800015f   Thumb Code     0  startup_stm32f103xe.o(.text)
    I2C2_ER_IRQHandler                       0x0800015f   Thumb Code     0  startup_stm32f103xe.o(.text)
    I2C2_EV_IRQHandler                       0x0800015f   Thumb Code     0  startup_stm32f103xe.o(.text)
    PVD_IRQHandler                           0x0800015f   Thumb Code     0  startup_stm32f103xe.o(.text)
    RCC_IRQHandler                           0x0800015f   Thumb Code     0  startup_stm32f103xe.o(.text)
    RTC_Alarm_IRQHandler                     0x0800015f   Thumb Code     0  startup_stm32f103xe.o(.text)
    RTC_IRQHandler                           0x0800015f   Thumb Code     0  startup_stm32f103xe.o(.text)
    SDIO_IRQHandler                          0x0800015f   Thumb Code     0  startup_stm32f103xe.o(.text)
    SPI1_IRQHandler                          0x0800015f   Thumb Code     0  startup_stm32f103xe.o(.text)
    SPI2_IRQHandler                          0x0800015f   Thumb Code     0  startup_stm32f103xe.o(.text)
    SPI3_IRQHandler                          0x0800015f   Thumb Code     0  startup_stm32f103xe.o(.text)
    TAMPER_IRQHandler                        0x0800015f   Thumb Code     0  startup_stm32f103xe.o(.text)
    TIM1_BRK_IRQHandler                      0x0800015f   Thumb Code     0  startup_stm32f103xe.o(.text)
    TIM1_CC_IRQHandler                       0x0800015f   Thumb Code     0  startup_stm32f103xe.o(.text)
    TIM1_TRG_COM_IRQHandler                  0x0800015f   Thumb Code     0  startup_stm32f103xe.o(.text)
    TIM1_UP_IRQHandler                       0x0800015f   Thumb Code     0  startup_stm32f103xe.o(.text)
    TIM2_IRQHandler                          0x0800015f   Thumb Code     0  startup_stm32f103xe.o(.text)
    TIM4_IRQHandler                          0x0800015f   Thumb Code     0  startup_stm32f103xe.o(.text)
    TIM5_IRQHandler                          0x0800015f   Thumb Code     0  startup_stm32f103xe.o(.text)
    TIM6_IRQHandler                          0x0800015f   Thumb Code     0  startup_stm32f103xe.o(.text)
    TIM8_BRK_IRQHandler                      0x0800015f   Thumb Code     0  startup_stm32f103xe.o(.text)
    TIM8_CC_IRQHandler                       0x0800015f   Thumb Code     0  startup_stm32f103xe.o(.text)
    TIM8_TRG_COM_IRQHandler                  0x0800015f   Thumb Code     0  startup_stm32f103xe.o(.text)
    TIM8_UP_IRQHandler                       0x0800015f   Thumb Code     0  startup_stm32f103xe.o(.text)
    UART4_IRQHandler                         0x0800015f   Thumb Code     0  startup_stm32f103xe.o(.text)
    UART5_IRQHandler                         0x0800015f   Thumb Code     0  startup_stm32f103xe.o(.text)
    USART1_IRQHandler                        0x0800015f   Thumb Code     0  startup_stm32f103xe.o(.text)
    USART2_IRQHandler                        0x0800015f   Thumb Code     0  startup_stm32f103xe.o(.text)
    USBWakeUp_IRQHandler                     0x0800015f   Thumb Code     0  startup_stm32f103xe.o(.text)
    USB_HP_CAN1_TX_IRQHandler                0x0800015f   Thumb Code     0  startup_stm32f103xe.o(.text)
    USB_LP_CAN1_RX0_IRQHandler               0x0800015f   Thumb Code     0  startup_stm32f103xe.o(.text)
    WWDG_IRQHandler                          0x0800015f   Thumb Code     0  startup_stm32f103xe.o(.text)
    __aeabi_llsr                             0x08000169   Thumb Code    32  llushr.o(.text)
    _ll_ushift_r                             0x08000169   Thumb Code     0  llushr.o(.text)
    __aeabi_dadd                             0x08000189   Thumb Code   322  dadd.o(.text)
    __aeabi_dsub                             0x080002cb   Thumb Code     6  dadd.o(.text)
    __aeabi_drsub                            0x080002d1   Thumb Code     6  dadd.o(.text)
    __aeabi_dmul                             0x080002d7   Thumb Code   228  dmul.o(.text)
    __aeabi_i2d                              0x080003bb   Thumb Code    34  dflti.o(.text)
    __aeabi_ui2d                             0x080003dd   Thumb Code    26  dfltui.o(.text)
    __aeabi_d2uiz                            0x080003f7   Thumb Code    50  dfixui.o(.text)
    __aeabi_cdrcmple                         0x08000429   Thumb Code    38  cdrcmple.o(.text)
    __aeabi_llsl                             0x08000451   Thumb Code    30  llshl.o(.text)
    _ll_shift_l                              0x08000451   Thumb Code     0  llshl.o(.text)
    __aeabi_lasr                             0x0800046f   Thumb Code    36  llsshr.o(.text)
    _ll_sshift_r                             0x0800046f   Thumb Code     0  llsshr.o(.text)
    __I$use$fp                               0x08000493   Thumb Code     0  iusefp.o(.text)
    _double_round                            0x08000493   Thumb Code    26  depilogue.o(.text)
    _double_epilogue                         0x080004ad   Thumb Code   164  depilogue.o(.text)
    __scatterload                            0x08000551   Thumb Code    28  init.o(.text)
    __scatterload_rt2                        0x08000551   Thumb Code     0  init.o(.text)
    ADC1_2_IRQHandler                        0x08000575   Thumb Code     6  stm32f1xx_it.o(i.ADC1_2_IRQHandler)
    ADC_ConversionStop_Disable               0x08000581   Thumb Code    76  stm32f1xx_hal_adc.o(i.ADC_ConversionStop_Disable)
    ADC_DMAConvCplt                          0x080005cd   Thumb Code    78  stm32f1xx_hal_adc.o(i.ADC_DMAConvCplt)
    ADC_DMAError                             0x0800061b   Thumb Code    26  stm32f1xx_hal_adc.o(i.ADC_DMAError)
    ADC_DMAHalfConvCplt                      0x08000635   Thumb Code    10  stm32f1xx_hal_adc.o(i.ADC_DMAHalfConvCplt)
    ADC_Enable                               0x08000641   Thumb Code   104  stm32f1xx_hal_adc.o(i.ADC_Enable)
    All_Data_Trans_Packing                   0x080006b1   Thumb Code   510  main.o(i.All_Data_Trans_Packing)
    BusFault_Handler                         0x080008b9   Thumb Code     2  stm32f1xx_it.o(i.BusFault_Handler)
    Charging_Preparing                       0x080008bd   Thumb Code    50  main.o(i.Charging_Preparing)
    Charging_Stopping                        0x080008fd   Thumb Code    40  main.o(i.Charging_Stopping)
    DMA1_Channel1_IRQHandler                 0x08000931   Thumb Code     6  stm32f1xx_it.o(i.DMA1_Channel1_IRQHandler)
    DMA1_Channel2_IRQHandler                 0x0800093d   Thumb Code     6  stm32f1xx_it.o(i.DMA1_Channel2_IRQHandler)
    Data_Decode                              0x08000969   Thumb Code    66  main.o(i.Data_Decode)
    DebugMon_Handler                         0x080009b1   Thumb Code     2  stm32f1xx_it.o(i.DebugMon_Handler)
    Decode_First                             0x080009b5   Thumb Code   136  main.o(i.Decode_First)
    Decode_Second                            0x08000a41   Thumb Code    72  main.o(i.Decode_Second)
    Decode_Third                             0x08000a8d   Thumb Code    40  main.o(i.Decode_Third)
    Error_Handler                            0x08000ab9   Thumb Code     2  main.o(i.Error_Handler)
    FLASH_PageErase                          0x08000ae1   Thumb Code    28  stm32f1xx_hal_flash_ex.o(i.FLASH_PageErase)
    FLASH_WaitForLastOperation               0x08000b65   Thumb Code    80  stm32f1xx_hal_flash.o(i.FLASH_WaitForLastOperation)
    Fault_Field_Save                         0x08000bb9   Thumb Code    56  main.o(i.Fault_Field_Save)
    Frequency_Data_Trans_Packing             0x08000bf5   Thumb Code    74  main.o(i.Frequency_Data_Trans_Packing)
    Frequency_Scan                           0x08000c49   Thumb Code   254  main.o(i.Frequency_Scan)
    Frequency_Scan485                        0x08000d55   Thumb Code   292  main.o(i.Frequency_Scan485)
    HAL_ADCEx_InjectedConvCpltCallback       0x08000e91   Thumb Code     2  stm32f1xx_hal_adc_ex.o(i.HAL_ADCEx_InjectedConvCpltCallback)
    HAL_ADC_ConfigChannel                    0x08000e95   Thumb Code   346  stm32f1xx_hal_adc.o(i.HAL_ADC_ConfigChannel)
    HAL_ADC_ConvCpltCallback                 0x08000ffd   Thumb Code   118  main.o(i.HAL_ADC_ConvCpltCallback)
    HAL_ADC_ConvHalfCpltCallback             0x08001081   Thumb Code     2  stm32f1xx_hal_adc.o(i.HAL_ADC_ConvHalfCpltCallback)
    HAL_ADC_ErrorCallback                    0x08001083   Thumb Code     2  stm32f1xx_hal_adc.o(i.HAL_ADC_ErrorCallback)
    HAL_ADC_IRQHandler                       0x08001085   Thumb Code   230  stm32f1xx_hal_adc.o(i.HAL_ADC_IRQHandler)
    HAL_ADC_Init                             0x0800116d   Thumb Code   316  stm32f1xx_hal_adc.o(i.HAL_ADC_Init)
    HAL_ADC_LevelOutOfWindowCallback         0x080012b5   Thumb Code     2  stm32f1xx_hal_adc.o(i.HAL_ADC_LevelOutOfWindowCallback)
    HAL_ADC_MspInit                          0x080012b9   Thumb Code   140  adc.o(i.HAL_ADC_MspInit)
    HAL_ADC_Start_DMA                        0x08001361   Thumb Code   246  stm32f1xx_hal_adc.o(i.HAL_ADC_Start_DMA)
    HAL_DMA_IRQHandler                       0x0800146d   Thumb Code  1198  stm32f1xx_hal_dma.o(i.HAL_DMA_IRQHandler)
    HAL_DMA_Init                             0x08001925   Thumb Code    80  stm32f1xx_hal_dma.o(i.HAL_DMA_Init)
    HAL_DMA_Start_IT                         0x08001975   Thumb Code    88  stm32f1xx_hal_dma.o(i.HAL_DMA_Start_IT)
    HAL_Delay                                0x080019cd   Thumb Code    22  stm32f1xx_hal.o(i.HAL_Delay)
    HAL_FLASHEx_Erase                        0x080019e5   Thumb Code   160  stm32f1xx_hal_flash_ex.o(i.HAL_FLASHEx_Erase)
    HAL_FLASH_Lock                           0x08001a8d   Thumb Code    14  stm32f1xx_hal_flash.o(i.HAL_FLASH_Lock)
    HAL_FLASH_Program                        0x08001aa1   Thumb Code   120  stm32f1xx_hal_flash.o(i.HAL_FLASH_Program)
    HAL_FLASH_Unlock                         0x08001b21   Thumb Code    24  stm32f1xx_hal_flash.o(i.HAL_FLASH_Unlock)
    HAL_GPIO_Init                            0x08001b45   Thumb Code   446  stm32f1xx_hal_gpio.o(i.HAL_GPIO_Init)
    HAL_GPIO_WritePin                        0x08001d2d   Thumb Code    10  stm32f1xx_hal_gpio.o(i.HAL_GPIO_WritePin)
    HAL_GetTick                              0x08001d39   Thumb Code     6  stm32f1xx_hal.o(i.HAL_GetTick)
    HAL_IWDG_Init                            0x08001d45   Thumb Code    90  stm32f1xx_hal_iwdg.o(i.HAL_IWDG_Init)
    HAL_IWDG_MspInit                         0x08001d9f   Thumb Code     2  stm32f1xx_hal_iwdg.o(i.HAL_IWDG_MspInit)
    HAL_IncTick                              0x08001da1   Thumb Code    10  stm32f1xx_hal.o(i.HAL_IncTick)
    HAL_Init                                 0x08001db1   Thumb Code    32  stm32f1xx_hal.o(i.HAL_Init)
    HAL_InitTick                             0x08001dd5   Thumb Code    34  stm32f1xx_hal.o(i.HAL_InitTick)
    HAL_MspInit                              0x08001df9   Thumb Code   118  stm32f1xx_hal_msp.o(i.HAL_MspInit)
    HAL_NVIC_EnableIRQ                       0x08001e79   Thumb Code    22  stm32f1xx_hal_cortex.o(i.HAL_NVIC_EnableIRQ)
    HAL_NVIC_SetPriority                     0x08001e91   Thumb Code    60  stm32f1xx_hal_cortex.o(i.HAL_NVIC_SetPriority)
    HAL_NVIC_SetPriorityGrouping             0x08001ed1   Thumb Code    26  stm32f1xx_hal_cortex.o(i.HAL_NVIC_SetPriorityGrouping)
    HAL_RCCEx_PeriphCLKConfig                0x08001ef5   Thumb Code   288  stm32f1xx_hal_rcc_ex.o(i.HAL_RCCEx_PeriphCLKConfig)
    HAL_RCC_ClockConfig                      0x08002021   Thumb Code   374  stm32f1xx_hal_rcc.o(i.HAL_RCC_ClockConfig)
    HAL_RCC_GetHCLKFreq                      0x080021a9   Thumb Code     6  stm32f1xx_hal_rcc.o(i.HAL_RCC_GetHCLKFreq)
    HAL_RCC_GetPCLK1Freq                     0x080021b5   Thumb Code    34  stm32f1xx_hal_rcc.o(i.HAL_RCC_GetPCLK1Freq)
    HAL_RCC_GetPCLK2Freq                     0x080021e5   Thumb Code    34  stm32f1xx_hal_rcc.o(i.HAL_RCC_GetPCLK2Freq)
    HAL_RCC_GetSysClockFreq                  0x08002215   Thumb Code   102  stm32f1xx_hal_rcc.o(i.HAL_RCC_GetSysClockFreq)
    HAL_RCC_OscConfig                        0x0800229d   Thumb Code  1406  stm32f1xx_hal_rcc.o(i.HAL_RCC_OscConfig)
    HAL_SYSTICK_CLKSourceConfig              0x0800281b   Thumb Code    24  stm32f1xx_hal_cortex.o(i.HAL_SYSTICK_CLKSourceConfig)
    HAL_SYSTICK_Callback                     0x08002835   Thumb Code   186  main.o(i.HAL_SYSTICK_Callback)
    HAL_SYSTICK_Config                       0x080028f5   Thumb Code    40  stm32f1xx_hal_cortex.o(i.HAL_SYSTICK_Config)
    HAL_SYSTICK_IRQHandler                   0x0800291d   Thumb Code     8  stm32f1xx_hal_cortex.o(i.HAL_SYSTICK_IRQHandler)
    HAL_TIMEx_BreakCallback                  0x08002925   Thumb Code     2  stm32f1xx_hal_tim_ex.o(i.HAL_TIMEx_BreakCallback)
    HAL_TIMEx_CommutationCallback            0x08002927   Thumb Code     2  stm32f1xx_hal_tim_ex.o(i.HAL_TIMEx_CommutationCallback)
    HAL_TIMEx_ConfigBreakDeadTime            0x08002929   Thumb Code    66  stm32f1xx_hal_tim_ex.o(i.HAL_TIMEx_ConfigBreakDeadTime)
    HAL_TIMEx_MasterConfigSynchronization    0x0800296b   Thumb Code    80  stm32f1xx_hal_tim_ex.o(i.HAL_TIMEx_MasterConfigSynchronization)
    HAL_TIMEx_PWMN_Start                     0x080029bb   Thumb Code    36  stm32f1xx_hal_tim_ex.o(i.HAL_TIMEx_PWMN_Start)
    HAL_TIM_Base_Init                        0x080029df   Thumb Code    54  stm32f1xx_hal_tim.o(i.HAL_TIM_Base_Init)
    HAL_TIM_Base_MspInit                     0x08002a15   Thumb Code    50  tim.o(i.HAL_TIM_Base_MspInit)
    HAL_TIM_Base_Start_IT                    0x08002a51   Thumb Code    24  stm32f1xx_hal_tim.o(i.HAL_TIM_Base_Start_IT)
    HAL_TIM_Base_Stop                        0x08002a69   Thumb Code    44  stm32f1xx_hal_tim.o(i.HAL_TIM_Base_Stop)
    HAL_TIM_IC_CaptureCallback               0x08002a95   Thumb Code   216  main.o(i.HAL_TIM_IC_CaptureCallback)
    HAL_TIM_IC_ConfigChannel                 0x08002b79   Thumb Code   286  stm32f1xx_hal_tim.o(i.HAL_TIM_IC_ConfigChannel)
    HAL_TIM_IC_Init                          0x08002c97   Thumb Code    54  stm32f1xx_hal_tim.o(i.HAL_TIM_IC_Init)
    HAL_TIM_IC_MspInit                       0x08002ccd   Thumb Code    78  tim.o(i.HAL_TIM_IC_MspInit)
    HAL_TIM_IC_Start_IT                      0x08002d2d   Thumb Code    76  stm32f1xx_hal_tim.o(i.HAL_TIM_IC_Start_IT)
    HAL_TIM_IRQHandler                       0x08002d79   Thumb Code   358  stm32f1xx_hal_tim.o(i.HAL_TIM_IRQHandler)
    HAL_TIM_MspPostInit                      0x08002ee1   Thumb Code    48  tim.o(i.HAL_TIM_MspPostInit)
    HAL_TIM_OC_DelayElapsedCallback          0x08002f1d   Thumb Code     2  stm32f1xx_hal_tim.o(i.HAL_TIM_OC_DelayElapsedCallback)
    HAL_TIM_PWM_ConfigChannel                0x08002f1f   Thumb Code   208  stm32f1xx_hal_tim.o(i.HAL_TIM_PWM_ConfigChannel)
    HAL_TIM_PWM_Init                         0x08002fef   Thumb Code    54  stm32f1xx_hal_tim.o(i.HAL_TIM_PWM_Init)
    HAL_TIM_PWM_MspInit                      0x08003025   Thumb Code    30  tim.o(i.HAL_TIM_PWM_MspInit)
    HAL_TIM_PWM_PulseFinishedCallback        0x0800304d   Thumb Code     2  stm32f1xx_hal_tim.o(i.HAL_TIM_PWM_PulseFinishedCallback)
    HAL_TIM_PWM_Start                        0x08003051   Thumb Code    48  stm32f1xx_hal_tim.o(i.HAL_TIM_PWM_Start)
    HAL_TIM_PWM_Stop                         0x08003089   Thumb Code    84  stm32f1xx_hal_tim.o(i.HAL_TIM_PWM_Stop)
    HAL_TIM_PeriodElapsedCallback            0x080030e5   Thumb Code   100  main.o(i.HAL_TIM_PeriodElapsedCallback)
    HAL_TIM_TriggerCallback                  0x0800315d   Thumb Code     2  stm32f1xx_hal_tim.o(i.HAL_TIM_TriggerCallback)
    HAL_UART_ErrorCallback                   0x0800315f   Thumb Code     2  stm32f1xx_hal_uart.o(i.HAL_UART_ErrorCallback)
    HAL_UART_GetState                        0x08003161   Thumb Code     6  stm32f1xx_hal_uart.o(i.HAL_UART_GetState)
    HAL_UART_IRQHandler                      0x08003169   Thumb Code   218  stm32f1xx_hal_uart.o(i.HAL_UART_IRQHandler)
    HAL_UART_Init                            0x08003243   Thumb Code    94  stm32f1xx_hal_uart.o(i.HAL_UART_Init)
    HAL_UART_MspInit                         0x080032a1   Thumb Code   148  usart.o(i.HAL_UART_MspInit)
    HAL_UART_Receive_IT                      0x0800334d   Thumb Code   106  stm32f1xx_hal_uart.o(i.HAL_UART_Receive_IT)
    HAL_UART_RxCpltCallback                  0x080033b9   Thumb Code    76  main.o(i.HAL_UART_RxCpltCallback)
    HAL_UART_Transmit_DMA                    0x0800340d   Thumb Code   130  stm32f1xx_hal_uart.o(i.HAL_UART_Transmit_DMA)
    HAL_UART_TxCpltCallback                  0x0800349d   Thumb Code    34  main.o(i.HAL_UART_TxCpltCallback)
    HAL_UART_TxHalfCpltCallback              0x080034cd   Thumb Code     2  stm32f1xx_hal_uart.o(i.HAL_UART_TxHalfCpltCallback)
    HardFault_Handler                        0x080034cf   Thumb Code     2  stm32f1xx_it.o(i.HardFault_Handler)
    Limit_Data_Trans_Packing                 0x080034d1   Thumb Code    70  main.o(i.Limit_Data_Trans_Packing)
    MX_ADC1_Init                             0x08003521   Thumb Code   152  adc.o(i.MX_ADC1_Init)
    MX_DMA_Init                              0x080035c1   Thumb Code    56  dma.o(i.MX_DMA_Init)
    MX_GPIO_Init                             0x080035fd   Thumb Code   204  gpio.o(i.MX_GPIO_Init)
    MX_IWDG_Init                             0x080036dd   Thumb Code    36  iwdg.o(i.MX_IWDG_Init)
    MX_TIM1_Init                             0x08003709   Thumb Code   130  tim.o(i.MX_TIM1_Init)
    MX_TIM3_Init                             0x08003795   Thumb Code    86  tim.o(i.MX_TIM3_Init)
    MX_TIM7_Init                             0x080037f5   Thumb Code    52  tim.o(i.MX_TIM7_Init)
    MX_USART3_UART_Init                      0x08003831   Thumb Code    48  usart.o(i.MX_USART3_UART_Init)
    MemManage_Handler                        0x08003869   Thumb Code     2  stm32f1xx_it.o(i.MemManage_Handler)
    NMI_Handler                              0x0800386b   Thumb Code     2  stm32f1xx_it.o(i.NMI_Handler)
    PendSV_Handler                           0x0800388d   Thumb Code     2  stm32f1xx_it.o(i.PendSV_Handler)
    SVC_Handler                              0x0800388f   Thumb Code     2  stm32f1xx_it.o(i.SVC_Handler)
    State_Data_Trans_Packing                 0x08003891   Thumb Code    66  main.o(i.State_Data_Trans_Packing)
    SysTick_Handler                          0x080038dd   Thumb Code    14  stm32f1xx_it.o(i.SysTick_Handler)
    SystemClock_Config                       0x080038eb   Thumb Code   122  main.o(i.SystemClock_Config)
    SystemInit                               0x08003965   Thumb Code    56  system_stm32f1xx.o(i.SystemInit)
    TIM3_IRQHandler                          0x080039ad   Thumb Code     6  stm32f1xx_it.o(i.TIM3_IRQHandler)
    TIM7_IRQHandler                          0x080039b9   Thumb Code     6  stm32f1xx_it.o(i.TIM7_IRQHandler)
    TIM_Base_SetConfig                       0x080039c5   Thumb Code   112  stm32f1xx_hal_tim.o(i.TIM_Base_SetConfig)
    TIM_CCxChannelCmd                        0x08003a49   Thumb Code    22  stm32f1xx_hal_tim.o(i.TIM_CCxChannelCmd)
    TIM_OC2_SetConfig                        0x08003ad5   Thumb Code    98  stm32f1xx_hal_tim.o(i.TIM_OC2_SetConfig)
    TIM_TI1_SetConfig                        0x08003bf9   Thumb Code    88  stm32f1xx_hal_tim.o(i.TIM_TI1_SetConfig)
    USART3_IRQHandler                        0x08003f71   Thumb Code     6  stm32f1xx_it.o(i.USART3_IRQHandler)
    UsageFault_Handler                       0x08003f7d   Thumb Code     2  stm32f1xx_it.o(i.UsageFault_Handler)
    Variable_Init                            0x08003f81   Thumb Code   100  main.o(i.Variable_Init)
    WriteFlash                               0x08004009   Thumb Code    54  main.o(i.WriteFlash)
    __scatterload_copy                       0x08004049   Thumb Code    14  handlers.o(i.__scatterload_copy)
    __scatterload_null                       0x08004057   Thumb Code     2  handlers.o(i.__scatterload_null)
    __scatterload_zeroinit                   0x08004059   Thumb Code    14  handlers.o(i.__scatterload_zeroinit)
    main                                     0x08004069   Thumb Code  1132  main.o(i.main)
    AHBPrescTable                            0x080044d4   Data          16  system_stm32f1xx.o(.constdata)
    APBPrescTable                            0x080044e4   Data           8  system_stm32f1xx.o(.constdata)
    Region$$Table$$Base                      0x080044ec   Number         0  anon$$obj.o(Region$$Table)
    Region$$Table$$Limit                     0x0800450c   Number         0  anon$$obj.o(Region$$Table)
    SystemCoreClock                          0x20000000   Data           4  system_stm32f1xx.o(.data)
    CapCnt                                   0x20000008   Data           1  main.o(.data)
    Charger_ID                               0x20000009   Data           1  main.o(.data)
    Charger_State                            0x2000000a   Data           1  main.o(.data)
    Charger_Start_Permission                 0x2000000b   Data           1  main.o(.data)
    OneSec_Flag                              0x2000000c   Data           1  main.o(.data)
    Fault_Type                               0x2000000d   Data           1  main.o(.data)
    Frequency_Scan_State                     0x2000000e   Data           1  main.o(.data)
    Trans_OverCurrent_Alert                  0x2000000f   Data           1  main.o(.data)
    Trans_OverCurrent_Alert_Read             0x20000010   Data           1  main.o(.data)
    Low_Efficiency_Cnt                       0x20000011   Data           1  main.o(.data)
    Low_Efficiency_Restart_Cnt               0x20000012   Data           1  main.o(.data)
    Relay_State                              0x20000013   Data           1  main.o(.data)
    RmtSta                                   0x20000014   Data           1  main.o(.data)
    RDATA                                    0x20000015   Data           1  main.o(.data)
    Zhen_Jiaoyan                             0x20000016   Data           1  main.o(.data)
    Data_Jiaoyan                             0x20000017   Data           1  main.o(.data)
    Flag_Infrared_Error                      0x20000018   Data           1  main.o(.data)
    Infrared_Error_Location                  0x20000019   Data           1  main.o(.data)
    Flag_Infrared_Data_OK                    0x2000001a   Data           1  main.o(.data)
    Flag_Trans_Done                          0x2000001b   Data           1  main.o(.data)
    Flag_Rece_Done                           0x2000001c   Data           1  main.o(.data)
    TimeCnt485                               0x2000001d   Data           1  main.o(.data)
    Flag_StartByte                           0x2000001e   Data           1  main.o(.data)
    Byte_Cnt                                 0x2000001f   Data           1  main.o(.data)
    Data_ReceSingle                          0x20000020   Data           1  main.o(.data)
    Flag_485_Reset                           0x20000021   Data           1  main.o(.data)
    Flag_Temp_Refresh                        0x20000022   Data           1  main.o(.data)
    Vot_Rec_Battery                          0x20000024   Data           2  main.o(.data)
    Cur_Rec_Battery                          0x20000026   Data           2  main.o(.data)
    Temp_Rec_Battery                         0x20000028   Data           2  main.o(.data)
    OneSec_Cnt                               0x2000002a   Data           2  main.o(.data)
    Vot_Trans_DC                             0x2000002c   Data           2  main.o(.data)
    Cur_Trans_DC                             0x2000002e   Data           2  main.o(.data)
    Cur_Trans_AC                             0x20000030   Data           2  main.o(.data)
    Temp_Trans_MOS                           0x20000032   Data           2  main.o(.data)
    LED_Trans_Port                           0x20000034   Data           2  main.o(.data)
    Freq_Value                               0x20000036   Data           2  main.o(.data)
    Fre_Trans_Inverter                       0x20000038   Data           2  main.o(.data)
    Duty_Trans_Inverter                      0x2000003a   Data           2  main.o(.data)
    Max_Cur_Trans_DC                         0x2000003c   Data           2  main.o(.data)
    Vot_Limit_Trans                          0x2000003e   Data           2  main.o(.data)
    Cur_Limit_Trans                          0x20000040   Data           2  main.o(.data)
    Charging_ComptCnt                        0x20000042   Data           2  main.o(.data)
    Power_Trans_Refer_Int                    0x20000044   Data           2  main.o(.data)
    Tep                                      0x20000046   Data           2  main.o(.data)
    Infrared_Decode_Error_Cnt                0x20000048   Data           2  main.o(.data)
    Infrared_Total_Waiting_Cnt               0x2000004a   Data           2  main.o(.data)
    Field_Vot_Trans_DC                       0x2000004c   Data           2  main.o(.data)
    Field_Cur_Trans_DC                       0x2000004e   Data           2  main.o(.data)
    Field_Cur_Trans_AC                       0x20000050   Data           2  main.o(.data)
    Field_Temp_Trans_MOS                     0x20000052   Data           2  main.o(.data)
    Field_Duty_Trans_Inverter                0x20000054   Data           2  main.o(.data)
    Field_Vot_Rec_Battery                    0x20000056   Data           2  main.o(.data)
    Field_Cur_Rec_Battery                    0x20000058   Data           2  main.o(.data)
    Field_Temp_Rec_Battery                   0x2000005a   Data           2  main.o(.data)
    Temp_Refresh_Cnt                         0x2000005c   Data           2  main.o(.data)
    RmtRec                                   0x20000060   Data           4  main.o(.data)
    RmtRecTx                                 0x20000064   Data           4  main.o(.data)
    Bike_ID                                  0x20000068   Data           4  main.o(.data)
    Max_Cur_Trans_Frequency                  0x2000006c   Data           4  main.o(.data)
    Infrared_Rec_Succ_Cnt                    0x20000070   Data           4  main.o(.data)
    Infrared_Waiting_First_Cnt               0x20000074   Data           4  main.o(.data)
    Infrared_Waiting_First_First_Cnt         0x20000078   Data           4  main.o(.data)
    Infrared_Waiting_First_Second_Cnt        0x2000007c   Data           4  main.o(.data)
    Infrared_Waiting_Second_Cnt              0x20000080   Data           4  main.o(.data)
    Infrared_Waiting_Third_Cnt               0x20000084   Data           4  main.o(.data)
    Infrared_Rec_Error_Cnt                   0x20000088   Data           4  main.o(.data)
    Infrary_First_Data_First                 0x2000008c   Data           4  main.o(.data)
    Infrary_First_Data_Second                0x20000090   Data           4  main.o(.data)
    Field_Freq_Value                         0x20000094   Data           4  main.o(.data)
    ReadFlashData                            0x20000098   Data           4  main.o(.data)
    Data_ReceArray                           0x2000009c   Data           8  main.o(.data)
    Power_Trans                              0x200000a8   Data           8  main.o(.data)
    Power_Trans_Refer                        0x200000b0   Data           8  main.o(.data)
    Power_Rece                               0x200000b8   Data           8  main.o(.data)
    Power_Trans_Refer_Upper                  0x200000c0   Data           8  main.o(.data)
    K_Power_Trans                            0x200000c8   Data           8  main.o(.data)
    K_Power_Rece                             0x200000d0   Data           8  main.o(.data)
    huart3                                   0x200000dc   Data          64  usart.o(.bss)
    hdma_usart3_tx                           0x2000011c   Data          56  usart.o(.bss)
    htim1                                    0x20000154   Data          60  tim.o(.bss)
    htim3                                    0x20000190   Data          60  tim.o(.bss)
    htim7                                    0x200001cc   Data          60  tim.o(.bss)
    ADC_ConvertedValue                       0x20000208   Data          20  main.o(.bss)
    Dval                                     0x2000021c   Data          70  main.o(.bss)
    All_Data_Package                         0x20000262   Data          89  main.o(.bss)
    State_Data_Package                       0x200002bb   Data          11  main.o(.bss)
    Limit_Data_Package                       0x200002c6   Data          11  main.o(.bss)
    Frequency_Data_Package                   0x200002d1   Data          11  main.o(.bss)
    hadc1                                    0x200002dc   Data          48  adc.o(.bss)
    hdma_adc1                                0x2000030c   Data          56  adc.o(.bss)
    hiwdg                                    0x20000344   Data          16  iwdg.o(.bss)
    pFlash                                   0x20000358   Data          32  stm32f1xx_hal_flash.o(.bss)
    __initial_sp                             0x20000778   Data           0  startup_stm32f103xe.o(STACK)



==============================================================================

Memory Map of the image

  Image Entry point : 0x08000131

  Load Region LR_IROM1 (Base: 0x08000000, Size: 0x000045e8, Max: 0x00040000, ABSOLUTE)

    Execution Region ER_IROM1 (Base: 0x08000000, Size: 0x0000450c, Max: 0x00040000, ABSOLUTE)

    Base Addr    Size         Type   Attr      Idx    E Section Name        Object

    0x08000000   0x00000130   Data   RO          731    RESET               startup_stm32f103xe.o
    0x08000130   0x00000000   Code   RO         3042  * .ARM.Collect$$$$00000000  mc_w.l(entry.o)
    0x08000130   0x00000004   Code   RO         3059    .ARM.Collect$$$$00000001  mc_w.l(entry2.o)
    0x08000134   0x00000004   Code   RO         3062    .ARM.Collect$$$$00000004  mc_w.l(entry5.o)
    0x08000138   0x00000000   Code   RO         3064    .ARM.Collect$$$$00000008  mc_w.l(entry7b.o)
    0x08000138   0x00000000   Code   RO         3066    .ARM.Collect$$$$0000000A  mc_w.l(entry8b.o)
    0x08000138   0x00000008   Code   RO         3067    .ARM.Collect$$$$0000000B  mc_w.l(entry9a.o)
    0x08000140   0x00000000   Code   RO         3069    .ARM.Collect$$$$0000000D  mc_w.l(entry10a.o)
    0x08000140   0x00000000   Code   RO         3071    .ARM.Collect$$$$0000000F  mc_w.l(entry11a.o)
    0x08000140   0x00000004   Code   RO         3060    .ARM.Collect$$$$00002712  mc_w.l(entry2.o)
    0x08000144   0x00000024   Code   RO          732    .text               startup_stm32f103xe.o
    0x08000168   0x00000020   Code   RO         3045    .text               mc_w.l(llushr.o)
    0x08000188   0x0000014e   Code   RO         3047    .text               mf_w.l(dadd.o)
    0x080002d6   0x000000e4   Code   RO         3049    .text               mf_w.l(dmul.o)
    0x080003ba   0x00000022   Code   RO         3051    .text               mf_w.l(dflti.o)
    0x080003dc   0x0000001a   Code   RO         3053    .text               mf_w.l(dfltui.o)
    0x080003f6   0x00000032   Code   RO         3055    .text               mf_w.l(dfixui.o)
    0x08000428   0x00000028   Code   RO         3057    .text               mf_w.l(cdrcmple.o)
    0x08000450   0x0000001e   Code   RO         3073    .text               mc_w.l(llshl.o)
    0x0800046e   0x00000024   Code   RO         3075    .text               mc_w.l(llsshr.o)
    0x08000492   0x00000000   Code   RO         3077    .text               mc_w.l(iusefp.o)
    0x08000492   0x000000be   Code   RO         3078    .text               mf_w.l(depilogue.o)
    0x08000550   0x00000024   Code   RO         3080    .text               mc_w.l(init.o)
    0x08000574   0x0000000c   Code   RO          198    i.ADC1_2_IRQHandler  stm32f1xx_it.o
    0x08000580   0x0000004c   Code   RO         2751    i.ADC_ConversionStop_Disable  stm32f1xx_hal_adc.o
    0x080005cc   0x0000004e   Code   RO         2752    i.ADC_DMAConvCplt   stm32f1xx_hal_adc.o
    0x0800061a   0x0000001a   Code   RO         2753    i.ADC_DMAError      stm32f1xx_hal_adc.o
    0x08000634   0x0000000a   Code   RO         2754    i.ADC_DMAHalfConvCplt  stm32f1xx_hal_adc.o
    0x0800063e   0x00000002   PAD
    0x08000640   0x00000070   Code   RO         2755    i.ADC_Enable        stm32f1xx_hal_adc.o
    0x080006b0   0x00000208   Code   RO          466    i.All_Data_Trans_Packing  main.o
    0x080008b8   0x00000002   Code   RO          199    i.BusFault_Handler  stm32f1xx_it.o
    0x080008ba   0x00000002   PAD
    0x080008bc   0x00000040   Code   RO          467    i.Charging_Preparing  main.o
    0x080008fc   0x00000034   Code   RO          468    i.Charging_Stopping  main.o
    0x08000930   0x0000000c   Code   RO          200    i.DMA1_Channel1_IRQHandler  stm32f1xx_it.o
    0x0800093c   0x0000000c   Code   RO          201    i.DMA1_Channel2_IRQHandler  stm32f1xx_it.o
    0x08000948   0x0000001e   Code   RO         1431    i.DMA_SetConfig     stm32f1xx_hal_dma.o
    0x08000966   0x00000002   PAD
    0x08000968   0x00000048   Code   RO          469    i.Data_Decode       main.o
    0x080009b0   0x00000002   Code   RO          202    i.DebugMon_Handler  stm32f1xx_it.o
    0x080009b2   0x00000002   PAD
    0x080009b4   0x0000008c   Code   RO          470    i.Decode_First      main.o
    0x08000a40   0x0000004c   Code   RO          471    i.Decode_Second     main.o
    0x08000a8c   0x0000002c   Code   RO          472    i.Decode_Third      main.o
    0x08000ab8   0x00000002   Code   RO          473    i.Error_Handler     main.o
    0x08000aba   0x00000002   PAD
    0x08000abc   0x00000024   Code   RO         1097    i.FLASH_MassErase   stm32f1xx_hal_flash_ex.o
    0x08000ae0   0x00000024   Code   RO         1102    i.FLASH_PageErase   stm32f1xx_hal_flash_ex.o
    0x08000b04   0x0000001c   Code   RO         2510    i.FLASH_Program_HalfWord  stm32f1xx_hal_flash.o
    0x08000b20   0x00000044   Code   RO         2511    i.FLASH_SetErrorCode  stm32f1xx_hal_flash.o
    0x08000b64   0x00000054   Code   RO         2512    i.FLASH_WaitForLastOperation  stm32f1xx_hal_flash.o
    0x08000bb8   0x0000003c   Code   RO          474    i.Fault_Field_Save  main.o
    0x08000bf4   0x00000054   Code   RO          475    i.Frequency_Data_Trans_Packing  main.o
    0x08000c48   0x0000010c   Code   RO          476    i.Frequency_Scan    main.o
    0x08000d54   0x0000013c   Code   RO          477    i.Frequency_Scan485  main.o
    0x08000e90   0x00000002   Code   RO         1184    i.HAL_ADCEx_InjectedConvCpltCallback  stm32f1xx_hal_adc_ex.o
    0x08000e92   0x00000002   PAD
    0x08000e94   0x00000168   Code   RO         2757    i.HAL_ADC_ConfigChannel  stm32f1xx_hal_adc.o
    0x08000ffc   0x00000084   Code   RO          478    i.HAL_ADC_ConvCpltCallback  main.o
    0x08001080   0x00000002   Code   RO         2759    i.HAL_ADC_ConvHalfCpltCallback  stm32f1xx_hal_adc.o
    0x08001082   0x00000002   Code   RO         2761    i.HAL_ADC_ErrorCallback  stm32f1xx_hal_adc.o
    0x08001084   0x000000e6   Code   RO         2765    i.HAL_ADC_IRQHandler  stm32f1xx_hal_adc.o
    0x0800116a   0x00000002   PAD
    0x0800116c   0x00000148   Code   RO         2766    i.HAL_ADC_Init      stm32f1xx_hal_adc.o
    0x080012b4   0x00000002   Code   RO         2767    i.HAL_ADC_LevelOutOfWindowCallback  stm32f1xx_hal_adc.o
    0x080012b6   0x00000002   PAD
    0x080012b8   0x000000a8   Code   RO          661    i.HAL_ADC_MspInit   adc.o
    0x08001360   0x0000010c   Code   RO         2773    i.HAL_ADC_Start_DMA  stm32f1xx_hal_adc.o
    0x0800146c   0x000004b8   Code   RO         1436    i.HAL_DMA_IRQHandler  stm32f1xx_hal_dma.o
    0x08001924   0x00000050   Code   RO         1437    i.HAL_DMA_Init      stm32f1xx_hal_dma.o
    0x08001974   0x00000058   Code   RO         1440    i.HAL_DMA_Start_IT  stm32f1xx_hal_dma.o
    0x080019cc   0x00000016   Code   RO         2383    i.HAL_Delay         stm32f1xx_hal.o
    0x080019e2   0x00000002   PAD
    0x080019e4   0x000000a8   Code   RO         1103    i.HAL_FLASHEx_Erase  stm32f1xx_hal_flash_ex.o
    0x08001a8c   0x00000014   Code   RO         2516    i.HAL_FLASH_Lock    stm32f1xx_hal_flash.o
    0x08001aa0   0x00000080   Code   RO         2521    i.HAL_FLASH_Program  stm32f1xx_hal_flash.o
    0x08001b20   0x00000024   Code   RO         2523    i.HAL_FLASH_Unlock  stm32f1xx_hal_flash.o
    0x08001b44   0x000001e8   Code   RO         2934    i.HAL_GPIO_Init     stm32f1xx_hal_gpio.o
    0x08001d2c   0x0000000a   Code   RO         2938    i.HAL_GPIO_WritePin  stm32f1xx_hal_gpio.o
    0x08001d36   0x00000002   PAD
    0x08001d38   0x0000000c   Code   RO         2387    i.HAL_GetTick       stm32f1xx_hal.o
    0x08001d44   0x0000005a   Code   RO         2998    i.HAL_IWDG_Init     stm32f1xx_hal_iwdg.o
    0x08001d9e   0x00000002   Code   RO         2999    i.HAL_IWDG_MspInit  stm32f1xx_hal_iwdg.o
    0x08001da0   0x00000010   Code   RO         2388    i.HAL_IncTick       stm32f1xx_hal.o
    0x08001db0   0x00000024   Code   RO         2389    i.HAL_Init          stm32f1xx_hal.o
    0x08001dd4   0x00000022   Code   RO         2390    i.HAL_InitTick      stm32f1xx_hal.o
    0x08001df6   0x00000002   PAD
    0x08001df8   0x00000080   Code   RO          358    i.HAL_MspInit       stm32f1xx_hal_msp.o
    0x08001e78   0x00000016   Code   RO         1280    i.HAL_NVIC_EnableIRQ  stm32f1xx_hal_cortex.o
    0x08001e8e   0x00000002   PAD
    0x08001e90   0x00000040   Code   RO         1286    i.HAL_NVIC_SetPriority  stm32f1xx_hal_cortex.o
    0x08001ed0   0x00000024   Code   RO         1287    i.HAL_NVIC_SetPriorityGrouping  stm32f1xx_hal_cortex.o
    0x08001ef4   0x0000012c   Code   RO         2717    i.HAL_RCCEx_PeriphCLKConfig  stm32f1xx_hal_rcc_ex.o
    0x08002020   0x00000188   Code   RO         2614    i.HAL_RCC_ClockConfig  stm32f1xx_hal_rcc.o
    0x080021a8   0x0000000c   Code   RO         2619    i.HAL_RCC_GetHCLKFreq  stm32f1xx_hal_rcc.o
    0x080021b4   0x00000030   Code   RO         2621    i.HAL_RCC_GetPCLK1Freq  stm32f1xx_hal_rcc.o
    0x080021e4   0x00000030   Code   RO         2622    i.HAL_RCC_GetPCLK2Freq  stm32f1xx_hal_rcc.o
    0x08002214   0x00000088   Code   RO         2623    i.HAL_RCC_GetSysClockFreq  stm32f1xx_hal_rcc.o
    0x0800229c   0x0000057e   Code   RO         2626    i.HAL_RCC_OscConfig  stm32f1xx_hal_rcc.o
    0x0800281a   0x00000018   Code   RO         1289    i.HAL_SYSTICK_CLKSourceConfig  stm32f1xx_hal_cortex.o
    0x08002832   0x00000002   PAD
    0x08002834   0x000000c0   Code   RO          479    i.HAL_SYSTICK_Callback  main.o
    0x080028f4   0x00000028   Code   RO         1291    i.HAL_SYSTICK_Config  stm32f1xx_hal_cortex.o
    0x0800291c   0x00000008   Code   RO         1292    i.HAL_SYSTICK_IRQHandler  stm32f1xx_hal_cortex.o
    0x08002924   0x00000002   Code   RO          864    i.HAL_TIMEx_BreakCallback  stm32f1xx_hal_tim_ex.o
    0x08002926   0x00000002   Code   RO          865    i.HAL_TIMEx_CommutationCallback  stm32f1xx_hal_tim_ex.o
    0x08002928   0x00000042   Code   RO          866    i.HAL_TIMEx_ConfigBreakDeadTime  stm32f1xx_hal_tim_ex.o
    0x0800296a   0x00000050   Code   RO          881    i.HAL_TIMEx_MasterConfigSynchronization  stm32f1xx_hal_tim_ex.o
    0x080029ba   0x00000024   Code   RO          892    i.HAL_TIMEx_PWMN_Start  stm32f1xx_hal_tim_ex.o
    0x080029de   0x00000036   Code   RO         1510    i.HAL_TIM_Base_Init  stm32f1xx_hal_tim.o
    0x08002a14   0x0000003c   Code   RO          383    i.HAL_TIM_Base_MspInit  tim.o
    0x08002a50   0x00000018   Code   RO         1515    i.HAL_TIM_Base_Start_IT  stm32f1xx_hal_tim.o
    0x08002a68   0x0000002c   Code   RO         1516    i.HAL_TIM_Base_Stop  stm32f1xx_hal_tim.o
    0x08002a94   0x000000e4   Code   RO          480    i.HAL_TIM_IC_CaptureCallback  main.o
    0x08002b78   0x0000011e   Code   RO         1540    i.HAL_TIM_IC_ConfigChannel  stm32f1xx_hal_tim.o
    0x08002c96   0x00000036   Code   RO         1543    i.HAL_TIM_IC_Init   stm32f1xx_hal_tim.o
    0x08002ccc   0x00000060   Code   RO          385    i.HAL_TIM_IC_MspInit  tim.o
    0x08002d2c   0x0000004c   Code   RO         1548    i.HAL_TIM_IC_Start_IT  stm32f1xx_hal_tim.o
    0x08002d78   0x00000166   Code   RO         1552    i.HAL_TIM_IRQHandler  stm32f1xx_hal_tim.o
    0x08002ede   0x00000002   PAD
    0x08002ee0   0x0000003c   Code   RO          386    i.HAL_TIM_MspPostInit  tim.o
    0x08002f1c   0x00000002   Code   RO         1555    i.HAL_TIM_OC_DelayElapsedCallback  stm32f1xx_hal_tim.o
    0x08002f1e   0x000000d0   Code   RO         1576    i.HAL_TIM_PWM_ConfigChannel  stm32f1xx_hal_tim.o
    0x08002fee   0x00000036   Code   RO         1579    i.HAL_TIM_PWM_Init  stm32f1xx_hal_tim.o
    0x08003024   0x00000028   Code   RO          388    i.HAL_TIM_PWM_MspInit  tim.o
    0x0800304c   0x00000002   Code   RO         1582    i.HAL_TIM_PWM_PulseFinishedCallback  stm32f1xx_hal_tim.o
    0x0800304e   0x00000002   PAD
    0x08003050   0x00000038   Code   RO         1583    i.HAL_TIM_PWM_Start  stm32f1xx_hal_tim.o
    0x08003088   0x0000005c   Code   RO         1586    i.HAL_TIM_PWM_Stop  stm32f1xx_hal_tim.o
    0x080030e4   0x00000078   Code   RO          481    i.HAL_TIM_PeriodElapsedCallback  main.o
    0x0800315c   0x00000002   Code   RO         1593    i.HAL_TIM_TriggerCallback  stm32f1xx_hal_tim.o
    0x0800315e   0x00000002   Code   RO         2151    i.HAL_UART_ErrorCallback  stm32f1xx_hal_uart.o
    0x08003160   0x00000006   Code   RO         2153    i.HAL_UART_GetState  stm32f1xx_hal_uart.o
    0x08003166   0x00000002   PAD
    0x08003168   0x000000da   Code   RO         2154    i.HAL_UART_IRQHandler  stm32f1xx_hal_uart.o
    0x08003242   0x0000005e   Code   RO         2155    i.HAL_UART_Init     stm32f1xx_hal_uart.o
    0x080032a0   0x000000ac   Code   RO          135    i.HAL_UART_MspInit  usart.o
    0x0800334c   0x0000006a   Code   RO         2160    i.HAL_UART_Receive_IT  stm32f1xx_hal_uart.o
    0x080033b6   0x00000002   PAD
    0x080033b8   0x00000054   Code   RO          482    i.HAL_UART_RxCpltCallback  main.o
    0x0800340c   0x00000090   Code   RO         2164    i.HAL_UART_Transmit_DMA  stm32f1xx_hal_uart.o
    0x0800349c   0x00000030   Code   RO          483    i.HAL_UART_TxCpltCallback  main.o
    0x080034cc   0x00000002   Code   RO         2167    i.HAL_UART_TxHalfCpltCallback  stm32f1xx_hal_uart.o
    0x080034ce   0x00000002   Code   RO          203    i.HardFault_Handler  stm32f1xx_it.o
    0x080034d0   0x00000050   Code   RO          484    i.Limit_Data_Trans_Packing  main.o
    0x08003520   0x000000a0   Code   RO          662    i.MX_ADC1_Init      adc.o
    0x080035c0   0x0000003c   Code   RO          334    i.MX_DMA_Init       dma.o
    0x080035fc   0x000000e0   Code   RO          310    i.MX_GPIO_Init      gpio.o
    0x080036dc   0x0000002c   Code   RO          702    i.MX_IWDG_Init      iwdg.o
    0x08003708   0x0000008c   Code   RO          389    i.MX_TIM1_Init      tim.o
    0x08003794   0x00000060   Code   RO          390    i.MX_TIM3_Init      tim.o
    0x080037f4   0x0000003c   Code   RO          391    i.MX_TIM7_Init      tim.o
    0x08003830   0x00000038   Code   RO          136    i.MX_USART3_UART_Init  usart.o
    0x08003868   0x00000002   Code   RO          204    i.MemManage_Handler  stm32f1xx_it.o
    0x0800386a   0x00000002   Code   RO          205    i.NMI_Handler       stm32f1xx_it.o
    0x0800386c   0x00000020   Code   RO         1293    i.NVIC_SetPriority  stm32f1xx_hal_cortex.o
    0x0800388c   0x00000002   Code   RO          206    i.PendSV_Handler    stm32f1xx_it.o
    0x0800388e   0x00000002   Code   RO          207    i.SVC_Handler       stm32f1xx_it.o
    0x08003890   0x0000004c   Code   RO          486    i.State_Data_Trans_Packing  main.o
    0x080038dc   0x0000000e   Code   RO          208    i.SysTick_Handler   stm32f1xx_it.o
    0x080038ea   0x0000007a   Code   RO          487    i.SystemClock_Config  main.o
    0x08003964   0x00000048   Code   RO            5    i.SystemInit        system_stm32f1xx.o
    0x080039ac   0x0000000c   Code   RO          209    i.TIM3_IRQHandler   stm32f1xx_it.o
    0x080039b8   0x0000000c   Code   RO          210    i.TIM7_IRQHandler   stm32f1xx_it.o
    0x080039c4   0x00000084   Code   RO         1594    i.TIM_Base_SetConfig  stm32f1xx_hal_tim.o
    0x08003a48   0x00000016   Code   RO         1595    i.TIM_CCxChannelCmd  stm32f1xx_hal_tim.o
    0x08003a5e   0x00000016   Code   RO          899    i.TIM_CCxNChannelCmd  stm32f1xx_hal_tim_ex.o
    0x08003a74   0x00000060   Code   RO         1603    i.TIM_OC1_SetConfig  stm32f1xx_hal_tim.o
    0x08003ad4   0x0000006c   Code   RO         1604    i.TIM_OC2_SetConfig  stm32f1xx_hal_tim.o
    0x08003b40   0x00000068   Code   RO         1605    i.TIM_OC3_SetConfig  stm32f1xx_hal_tim.o
    0x08003ba8   0x00000050   Code   RO         1606    i.TIM_OC4_SetConfig  stm32f1xx_hal_tim.o
    0x08003bf8   0x0000006c   Code   RO         1609    i.TIM_TI1_SetConfig  stm32f1xx_hal_tim.o
    0x08003c64   0x00000036   Code   RO         1611    i.TIM_TI2_SetConfig  stm32f1xx_hal_tim.o
    0x08003c9a   0x0000001e   Code   RO         2168    i.UART_DMAError     stm32f1xx_hal_uart.o
    0x08003cb8   0x0000002e   Code   RO         2171    i.UART_DMATransmitCplt  stm32f1xx_hal_uart.o
    0x08003ce6   0x0000000a   Code   RO         2172    i.UART_DMATxHalfCplt  stm32f1xx_hal_uart.o
    0x08003cf0   0x000000a8   Code   RO         2173    i.UART_Receive_IT   stm32f1xx_hal_uart.o
    0x08003d98   0x00000170   Code   RO         2174    i.UART_SetConfig    stm32f1xx_hal_uart.o
    0x08003f08   0x00000066   Code   RO         2175    i.UART_Transmit_IT  stm32f1xx_hal_uart.o
    0x08003f6e   0x00000002   PAD
    0x08003f70   0x0000000c   Code   RO          211    i.USART3_IRQHandler  stm32f1xx_it.o
    0x08003f7c   0x00000002   Code   RO          212    i.UsageFault_Handler  stm32f1xx_it.o
    0x08003f7e   0x00000002   PAD
    0x08003f80   0x00000088   Code   RO          488    i.Variable_Init     main.o
    0x08004008   0x00000040   Code   RO          489    i.WriteFlash        main.o
    0x08004048   0x0000000e   Code   RO         3084    i.__scatterload_copy  mc_w.l(handlers.o)
    0x08004056   0x00000002   Code   RO         3085    i.__scatterload_null  mc_w.l(handlers.o)
    0x08004058   0x0000000e   Code   RO         3086    i.__scatterload_zeroinit  mc_w.l(handlers.o)
    0x08004066   0x00000002   PAD
    0x08004068   0x0000046c   Code   RO          490    i.main              main.o
    0x080044d4   0x00000010   Data   RO            6    .constdata          system_stm32f1xx.o
    0x080044e4   0x00000008   Data   RO            7    .constdata          system_stm32f1xx.o
    0x080044ec   0x00000020   Data   RO         3082    Region$$Table       anon$$obj.o


    Execution Region RW_IRAM1 (Base: 0x20000000, Size: 0x00000778, Max: 0x0000c000, ABSOLUTE)

    Base Addr    Size         Type   Attr      Idx    E Section Name        Object

    0x20000000   0x00000004   Data   RW            8    .data               system_stm32f1xx.o
    0x20000004   0x00000004   PAD
    0x20000008   0x000000d0   Data   RW          492    .data               main.o
    0x200000d8   0x00000004   Data   RW         2395    .data               stm32f1xx_hal.o
    0x200000dc   0x00000078   Zero   RW          139    .bss                usart.o
    0x20000154   0x000000b4   Zero   RW          392    .bss                tim.o
    0x20000208   0x000000d4   Zero   RW          491    .bss                main.o
    0x200002dc   0x00000068   Zero   RW          663    .bss                adc.o
    0x20000344   0x00000010   Zero   RW          703    .bss                iwdg.o
    0x20000354   0x00000004   PAD
    0x20000358   0x00000020   Zero   RW         2524    .bss                stm32f1xx_hal_flash.o
    0x20000378   0x00000400   Zero   RW          729    STACK               startup_stm32f103xe.o


==============================================================================

Image component sizes


      Code (inc. data)   RO Data    RW Data    ZI Data      Debug   Object Name

       328         36          0          0        104       1931   adc.o
        60          4          0          0          0        830   dma.o
       224         20          0          0          0       1047   gpio.o
        44          8          0          0         16        775   iwdg.o
      4112        320          0        208        212      21021   main.o
        36          8        304          0       1024        796   startup_stm32f103xe.o
       120         16          0          4          0       3910   stm32f1xx_hal.o
      1494         56          0          0          0       9943   stm32f1xx_hal_adc.o
         2          0          0          0          0       1181   stm32f1xx_hal_adc_ex.o
       226         14          0          0          0      27234   stm32f1xx_hal_cortex.o
      1406         20          0          0          0       3959   stm32f1xx_hal_dma.o
       364         46          0          0         32       5002   stm32f1xx_hal_flash.o
       240         26          0          0          0       3481   stm32f1xx_hal_flash_ex.o
       498         42          0          0          0       3196   stm32f1xx_hal_gpio.o
        92          0          0          0          0       1727   stm32f1xx_hal_iwdg.o
       128         10          0          0          0        930   stm32f1xx_hal_msp.o
      2042         98          0          0          0       6136   stm32f1xx_hal_rcc.o
       300         12          0          0          0       1408   stm32f1xx_hal_rcc_ex.o
      2016         92          0          0          0      17667   stm32f1xx_hal_tim.o
       208          0          0          0          0       4613   stm32f1xx_hal_tim_ex.o
      1296         18          0          0          0       9883   stm32f1xx_hal_uart.o
       102         36          0          0          0       7064   stm32f1xx_it.o
        72         16         24          4          0     531055   system_stm32f1xx.o
       552         78          0          0        180       4845   tim.o
       228         32          0          0        120       1917   usart.o

    ----------------------------------------------------------------------
     16228       1008        360        220       1692     671551   Object Totals
         0          0         32          0          0          0   (incl. Generated)
        38          0          0          4          4          0   (incl. Padding)

    ----------------------------------------------------------------------

      Code (inc. data)   RO Data    RW Data    ZI Data      Debug   Library Member Name

         0          0          0          0          0          0   entry.o
         0          0          0          0          0          0   entry10a.o
         0          0          0          0          0          0   entry11a.o
         8          4          0          0          0          0   entry2.o
         4          0          0          0          0          0   entry5.o
         0          0          0          0          0          0   entry7b.o
         0          0          0          0          0          0   entry8b.o
         8          4          0          0          0          0   entry9a.o
        30          0          0          0          0          0   handlers.o
        36          8          0          0          0         68   init.o
         0          0          0          0          0          0   iusefp.o
        30          0          0          0          0         68   llshl.o
        36          0          0          0          0         68   llsshr.o
        32          0          0          0          0         68   llushr.o
        40          2          0          0          0         68   cdrcmple.o
       334          0          0          0          0        148   dadd.o
       190          0          0          0          0        176   depilogue.o
        50          0          0          0          0         76   dfixui.o
        34          0          0          0          0         76   dflti.o
        26          0          0          0          0         76   dfltui.o
       228          0          0          0          0         96   dmul.o

    ----------------------------------------------------------------------
      1088         18          0          0          0        988   Library Totals
         2          0          0          0          0          0   (incl. Padding)

    ----------------------------------------------------------------------

      Code (inc. data)   RO Data    RW Data    ZI Data      Debug   Library Name

       184         16          0          0          0        272   mc_w.l
       902          2          0          0          0        716   mf_w.l

    ----------------------------------------------------------------------
      1088         18          0          0          0        988   Library Totals

    ----------------------------------------------------------------------

==============================================================================


      Code (inc. data)   RO Data    RW Data    ZI Data      Debug   

     17316       1026        360        220       1692     664739   Grand Totals
     17316       1026        360        220       1692     664739   ELF Image Totals
     17316       1026        360        220          0          0   ROM Totals

==============================================================================

    Total RO  Size (Code + RO Data)                17676 (  17.26kB)
    Total RW  Size (RW Data + ZI Data)              1912 (   1.87kB)
    Total ROM Size (Code + RO Data + RW Data)      17896 (  17.48kB)

==============================================================================

